Component: ARM Compiler 5.06 update 6 (build 750) Tool: armlink [4d35ed]

==============================================================================

Section Cross References

    system_lpc17xx.o(i.SystemInit) refers to system_lpc17xx.o(.data) for SystemFrequency
    startup_lpc17xx.o(STACK) refers (Special) to heapauxi.o(.text) for __use_two_region_memory
    startup_lpc17xx.o(HEAP) refers (Special) to heapauxi.o(.text) for __use_two_region_memory
    startup_lpc17xx.o(RESET) refers (Special) to heapauxi.o(.text) for __use_two_region_memory
    startup_lpc17xx.o(RESET) refers to startup_lpc17xx.o(STACK) for __initial_sp
    startup_lpc17xx.o(RESET) refers to startup_lpc17xx.o(.text) for Reset_Handler
    startup_lpc17xx.o(RESET) refers to systick.o(i.SysTick_Handler) for SysTick_Handler
    startup_lpc17xx.o(RESET) refers to watchdog.o(i.WDT_IRQHandler) for WDT_IRQHandler
    startup_lpc17xx.o(RESET) refers to timer.o(i.TIMER0_IRQHandler) for TIMER0_IRQHandler
    startup_lpc17xx.o(RESET) refers to uart.o(i.UART2_IRQHandler) for UART2_IRQHandler
    startup_lpc17xx.o(RESET) refers to rtctimer.o(i.RTC_IRQHandler) for RTC_IRQHandler
    startup_lpc17xx.o(RESET) refers to gpio.o(i.EINT3_IRQHandler) for EINT3_IRQHandler
    startup_lpc17xx.o(.text) refers (Special) to heapauxi.o(.text) for __use_two_region_memory
    startup_lpc17xx.o(.text) refers to __main.o(!!!main) for __main
    startup_lpc17xx.o(.text) refers to startup_lpc17xx.o(HEAP) for Heap_Mem
    startup_lpc17xx.o(.text) refers to startup_lpc17xx.o(STACK) for Stack_Mem
    main.o(i._Z12BlinkLEDTestv) refers to myblinkled.o(i._ZN8BlinkLED4InitEv) for BlinkLED::Init()
    main.o(i._Z12BlinkLEDTestv) refers to myblinkled.o(i._ZN8BlinkLED3RunEv) for BlinkLED::Run()
    main.o(i._Z12BlinkLEDTestv) refers to main.o(.bss) for leds
    main.o(i._Z13BlinkLED2Testv) refers to myblinkled2.o(i._ZN9BlinkLED24InitEv) for BlinkLED2::Init()
    main.o(i._Z13BlinkLED2Testv) refers to myblinkled2.o(i._ZN9BlinkLED23RunEv) for BlinkLED2::Run()
    main.o(i._Z13BlinkLED2Testv) refers to main.o(.bss) for leds2
    main.o(i._Z14HelloWorldTestv) refers to helloworld.o(i._ZN10HelloWorld4InitEv) for HelloWorld::Init()
    main.o(i._Z14HelloWorldTestv) refers to helloworld.o(i._ZN10HelloWorld4Run5Ev) for HelloWorld::Run5()
    main.o(i._Z14HelloWorldTestv) refers to main.o(.data) for hw
    main.o(i._Z7RTCTestv) refers to uart.o(i._ZN4UART13InitInterruptEi10DataLength7StopBit6Parityi) for UART::InitInterrupt(int, DataLength, StopBit, Parity, int)
    main.o(i._Z7RTCTestv) refers to uart.o(i._ZN4UART5Send2EcPc) for UART::Send2(char, char*)
    main.o(i._Z7RTCTestv) refers to rtctimer.o(i._ZN8RTCTimer4InitEv) for RTCTimer::Init()
    main.o(i._Z7RTCTestv) refers to rtctimer.o(i._ZN8RTCTimer5PrintEv) for RTCTimer::Print()
    main.o(i._Z7RTCTestv) refers to utility.o(i._ZN7Utility5DelayEj) for Utility::Delay(unsigned)
    main.o(i._Z7RTCTestv) refers to watchdog.o(i._ZN8WatchDog4FeedEv) for WatchDog::Feed()
    main.o(i._Z7RTCTestv) refers to main.o(.bss) for uart
    main.o(i._Z7RTCTestv) refers to main.o(.data) for rtc
    main.o(i._Z9TimerTestv) refers to uart.o(i._ZN4UART13InitInterruptEi10DataLength7StopBit6Parityi) for UART::InitInterrupt(int, DataLength, StopBit, Parity, int)
    main.o(i._Z9TimerTestv) refers to uart.o(i._ZN4UART5Send2EcPc) for UART::Send2(char, char*)
    main.o(i._Z9TimerTestv) refers to timer.o(i._ZN5Timer4InitEv) for Timer::Init()
    main.o(i._Z9TimerTestv) refers to utility.o(i._ZN7Utility16DelayMicroSecondEj) for Utility::DelayMicroSecond(unsigned)
    main.o(i._Z9TimerTestv) refers to watchdog.o(i._ZN8WatchDog4FeedEv) for WatchDog::Feed()
    main.o(i._Z9TimerTestv) refers to main.o(.bss) for uart
    main.o(i._Z9TimerTestv) refers to main.o(.data) for timer
    main.o(i.__sti___8_main_cpp_leds) refers to gpio.o(i._ZN4GPIOC1Ev) for GPIO::GPIO()
    main.o(i.__sti___8_main_cpp_leds) refers to fifo.o(i._ZN4FifoC1Ev) for Fifo::Fifo()
    main.o(i.__sti___8_main_cpp_leds) refers to aeabi_atexit.o(.text) for __aeabi_atexit
    main.o(i.__sti___8_main_cpp_leds) refers to main.o(.bss) for leds
    main.o(i.__sti___8_main_cpp_leds) refers to main.o(i._ZN4UARTD1Ev) for UART::~UART()
    main.o(i.main) refers to system_lpc17xx.o(i.SystemInit) for SystemInit
    main.o(i.main) refers to watchdog.o(i._ZN8WatchDog4InitEv) for WatchDog::Init()
    main.o(i.main) refers to main.o(i._Z9TimerTestv) for TimerTest()
    main.o(i.main) refers to main.o(.data) for watchdog
    main.o(.ARM.exidx) refers to main.o(i._Z12BlinkLEDTestv) for i._Z12BlinkLEDTestv
    main.o(.ARM.exidx) refers to main.o(i._Z13BlinkLED2Testv) for i._Z13BlinkLED2Testv
    main.o(.ARM.exidx) refers to main.o(i._Z14HelloWorldTestv) for i._Z14HelloWorldTestv
    main.o(.ARM.exidx) refers to main.o(i._Z7RTCTestv) for i._Z7RTCTestv
    main.o(.ARM.exidx) refers to main.o(i._Z9TimerTestv) for i._Z9TimerTestv
    main.o(.ARM.exidx) refers to main.o(i.main) for i.main
[...]
    lib_rtti_impl.o(.constdata__ZTVN10__cxxabiv123__fundamental_type_infoE) refers to lib_rtti_impl.o(i._ZN10__cxxabiv123__fundamental_type_infoD1Ev) for __cxxabiv1::__fundamental_type_info::~__fundamental_type_info()
    lib_rtti_impl.o(.constdata__ZTVN10__cxxabiv123__fundamental_type_infoE) refers to lib_rtti_impl.o(i._ZN10__cxxabiv123__fundamental_type_infoD0Ev) for __cxxabiv1::__fundamental_type_info::~__fundamental_type_info__deallocating()
    lib_rtti_impl.o(.constdata__ZTVN10__cxxabiv117__array_type_infoE) refers to lib_rtti_impl.o(.constdata__ZTIN10__cxxabiv117__array_type_infoE) for typeinfo for __cxxabiv1::__array_type_info
    lib_rtti_impl.o(.constdata__ZTVN10__cxxabiv117__array_type_infoE) refers to lib_rtti_impl.o(i._ZN10__cxxabiv117__array_type_infoD1Ev) for __cxxabiv1::__array_type_info::~__array_type_info()
    lib_rtti_impl.o(.constdata__ZTVN10__cxxabiv117__array_type_infoE) refers to lib_rtti_impl.o(i._ZN10__cxxabiv117__array_type_infoD0Ev) for __cxxabiv1::__array_type_info::~__array_type_info__deallocating()
    lib_rtti_impl.o(.constdata__ZTVN10__cxxabiv120__function_type_infoE) refers to lib_rtti_impl.o(.constdata__ZTIN10__cxxabiv120__function_type_infoE) for typeinfo for __cxxabiv1::__function_type_info
    lib_rtti_impl.o(.constdata__ZTVN10__cxxabiv120__function_type_infoE) refers to lib_rtti_impl.o(i._ZN10__cxxabiv120__function_type_infoD1Ev) for __cxxabiv1::__function_type_info::~__function_type_info()
    lib_rtti_impl.o(.constdata__ZTVN10__cxxabiv120__function_type_infoE) refers to lib_rtti_impl.o(i._ZN10__cxxabiv120__function_type_infoD0Ev) for __cxxabiv1::__function_type_info::~__function_type_info__deallocating()
    lib_rtti_impl.o(.constdata__ZTVN10__cxxabiv116__enum_type_infoE) refers to lib_rtti_impl.o(.constdata__ZTIN10__cxxabiv116__enum_type_infoE) for typeinfo for __cxxabiv1::__enum_type_info
    lib_rtti_impl.o(.constdata__ZTVN10__cxxabiv116__enum_type_infoE) refers to lib_rtti_impl.o(i._ZN10__cxxabiv116__enum_type_infoD1Ev) for __cxxabiv1::__enum_type_info::~__enum_type_info()
    lib_rtti_impl.o(.constdata__ZTVN10__cxxabiv116__enum_type_infoE) refers to lib_rtti_impl.o(i._ZN10__cxxabiv116__enum_type_infoD0Ev) for __cxxabiv1::__enum_type_info::~__enum_type_info__deallocating()
    lib_rtti_impl.o(.constdata__ZTVN10__cxxabiv117__class_type_infoE) refers to lib_rtti_impl.o(.constdata__ZTIN10__cxxabiv117__class_type_infoE) for typeinfo for __cxxabiv1::__class_type_info
    lib_rtti_impl.o(.constdata__ZTVN10__cxxabiv117__class_type_infoE) refers to lib_rtti_impl.o(i._ZN10__cxxabiv117__class_type_infoD1Ev) for __cxxabiv1::__class_type_info::~__class_type_info()
    lib_rtti_impl.o(.constdata__ZTVN10__cxxabiv117__class_type_infoE) refers to lib_rtti_impl.o(i._ZN10__cxxabiv117__class_type_infoD0Ev) for __cxxabiv1::__class_type_info::~__class_type_info__deallocating()
    lib_rtti_impl.o(.constdata__ZTVN10__cxxabiv120__si_class_type_infoE) refers to lib_rtti_impl.o(.constdata__ZTIN10__cxxabiv120__si_class_type_infoE) for typeinfo for __cxxabiv1::__si_class_type_info
    lib_rtti_impl.o(.constdata__ZTVN10__cxxabiv120__si_class_type_infoE) refers to lib_rtti_impl.o(i._ZN10__cxxabiv120__si_class_type_infoD1Ev) for __cxxabiv1::__si_class_type_info::~__si_class_type_info()
    lib_rtti_impl.o(.constdata__ZTVN10__cxxabiv120__si_class_type_infoE) refers to lib_rtti_impl.o(i._ZN10__cxxabiv120__si_class_type_infoD0Ev) for __cxxabiv1::__si_class_type_info::~__si_class_type_info__deallocating()
    lib_rtti_impl.o(.constdata__ZTVN10__cxxabiv121__vmi_class_type_infoE) refers to lib_rtti_impl.o(.constdata__ZTIN10__cxxabiv121__vmi_class_type_infoE) for typeinfo for __cxxabiv1::__vmi_class_type_info
    lib_rtti_impl.o(.constdata__ZTVN10__cxxabiv121__vmi_class_type_infoE) refers to lib_rtti_impl.o(i._ZN10__cxxabiv121__vmi_class_type_infoD1Ev) for __cxxabiv1::__vmi_class_type_info::~__vmi_class_type_info()
    lib_rtti_impl.o(.constdata__ZTVN10__cxxabiv121__vmi_class_type_infoE) refers to lib_rtti_impl.o(i._ZN10__cxxabiv121__vmi_class_type_infoD0Ev) for __cxxabiv1::__vmi_class_type_info::~__vmi_class_type_info__deallocating()
    lib_rtti_impl.o(.constdata__ZTVN10__cxxabiv117__pbase_type_infoE) refers to lib_rtti_impl.o(.constdata__ZTIN10__cxxabiv117__pbase_type_infoE) for typeinfo for __cxxabiv1::__pbase_type_info
    lib_rtti_impl.o(.constdata__ZTVN10__cxxabiv117__pbase_type_infoE) refers to lib_rtti_impl.o(i._ZN10__cxxabiv117__pbase_type_infoD1Ev) for __cxxabiv1::__pbase_type_info::~__pbase_type_info()
    lib_rtti_impl.o(.constdata__ZTVN10__cxxabiv117__pbase_type_infoE) refers to lib_rtti_impl.o(i._ZN10__cxxabiv117__pbase_type_infoD0Ev) for __cxxabiv1::__pbase_type_info::~__pbase_type_info__deallocating()
    lib_rtti_impl.o(.constdata__ZTVN10__cxxabiv119__pointer_type_infoE) refers to lib_rtti_impl.o(.constdata__ZTIN10__cxxabiv119__pointer_type_infoE) for typeinfo for __cxxabiv1::__pointer_type_info
    lib_rtti_impl.o(.constdata__ZTVN10__cxxabiv119__pointer_type_infoE) refers to lib_rtti_impl.o(i._ZN10__cxxabiv119__pointer_type_infoD1Ev) for __cxxabiv1::__pointer_type_info::~__pointer_type_info()
    lib_rtti_impl.o(.constdata__ZTVN10__cxxabiv119__pointer_type_infoE) refers to lib_rtti_impl.o(i._ZN10__cxxabiv119__pointer_type_infoD0Ev) for __cxxabiv1::__pointer_type_info::~__pointer_type_info__deallocating()
    lib_rtti_impl.o(.constdata__ZTVN10__cxxabiv129__pointer_to_member_type_infoE) refers to lib_rtti_impl.o(.constdata__ZTIN10__cxxabiv129__pointer_to_member_type_infoE) for typeinfo for __cxxabiv1::__pointer_to_member_type_info
    lib_rtti_impl.o(.constdata__ZTVN10__cxxabiv129__pointer_to_member_type_infoE) refers to lib_rtti_impl.o(i._ZN10__cxxabiv129__pointer_to_member_type_infoD1Ev) for __cxxabiv1::__pointer_to_member_type_info::~__pointer_to_member_type_info()
    lib_rtti_impl.o(.constdata__ZTVN10__cxxabiv129__pointer_to_member_type_infoE) refers to lib_rtti_impl.o(i._ZN10__cxxabiv129__pointer_to_member_type_infoD0Ev) for __cxxabiv1::__pointer_to_member_type_info::~__pointer_to_member_type_info__deallocating()
    lib_rtti_impl.o(.ARM.exidx) refers to lib_rtti_impl.o(i._ZNSt9type_infodlEPv) for i._ZNSt9type_infodlEPv
    lib_rtti_impl.o(.constdata__ZTIN10__cxxabiv123__fundamental_type_infoE) refers to lib_rtti_impl.o(.constdata__ZTVN10__cxxabiv120__si_class_type_infoE) for vtable for __cxxabiv1::__si_class_type_info
    lib_rtti_impl.o(.constdata__ZTIN10__cxxabiv123__fundamental_type_infoE) refers to lib_rtti_impl.o(.constdata__ZTSN10__cxxabiv123__fundamental_type_infoE) for typeinfo name for __cxxabiv1::__fundamental_type_info
    lib_rtti_impl.o(.constdata__ZTIN10__cxxabiv123__fundamental_type_infoE) refers to type_info_dtor.o(.constdata__ZTISt9type_info) for typeinfo for std::type_info
    lib_rtti_impl.o(.constdata__ZTIN10__cxxabiv117__array_type_infoE) refers to lib_rtti_impl.o(.constdata__ZTVN10__cxxabiv120__si_class_type_infoE) for vtable for __cxxabiv1::__si_class_type_info
    lib_rtti_impl.o(.constdata__ZTIN10__cxxabiv117__array_type_infoE) refers to lib_rtti_impl.o(.constdata__ZTSN10__cxxabiv117__array_type_infoE) for typeinfo name for __cxxabiv1::__array_type_info
    lib_rtti_impl.o(.constdata__ZTIN10__cxxabiv117__array_type_infoE) refers to type_info_dtor.o(.constdata__ZTISt9type_info) for typeinfo for std::type_info
    lib_rtti_impl.o(.constdata__ZTIN10__cxxabiv120__function_type_infoE) refers to lib_rtti_impl.o(.constdata__ZTVN10__cxxabiv120__si_class_type_infoE) for vtable for __cxxabiv1::__si_class_type_info
    lib_rtti_impl.o(.constdata__ZTIN10__cxxabiv120__function_type_infoE) refers to lib_rtti_impl.o(.constdata__ZTSN10__cxxabiv120__function_type_infoE) for typeinfo name for __cxxabiv1::__function_type_info
    lib_rtti_impl.o(.constdata__ZTIN10__cxxabiv120__function_type_infoE) refers to type_info_dtor.o(.constdata__ZTISt9type_info) for typeinfo for std::type_info
    lib_rtti_impl.o(.constdata__ZTIN10__cxxabiv116__enum_type_infoE) refers to lib_rtti_impl.o(.constdata__ZTVN10__cxxabiv120__si_class_type_infoE) for vtable for __cxxabiv1::__si_class_type_info
    lib_rtti_impl.o(.constdata__ZTIN10__cxxabiv116__enum_type_infoE) refers to lib_rtti_impl.o(.constdata__ZTSN10__cxxabiv116__enum_type_infoE) for typeinfo name for __cxxabiv1::__enum_type_info
    lib_rtti_impl.o(.constdata__ZTIN10__cxxabiv116__enum_type_infoE) refers to type_info_dtor.o(.constdata__ZTISt9type_info) for typeinfo for std::type_info
    lib_rtti_impl.o(.constdata__ZTIN10__cxxabiv117__class_type_infoE) refers to lib_rtti_impl.o(.constdata__ZTVN10__cxxabiv120__si_class_type_infoE) for vtable for __cxxabiv1::__si_class_type_info
    lib_rtti_impl.o(.constdata__ZTIN10__cxxabiv117__class_type_infoE) refers to lib_rtti_impl.o(.constdata__ZTSN10__cxxabiv117__class_type_infoE) for typeinfo name for __cxxabiv1::__class_type_info
    lib_rtti_impl.o(.constdata__ZTIN10__cxxabiv117__class_type_infoE) refers to type_info_dtor.o(.constdata__ZTISt9type_info) for typeinfo for std::type_info
    lib_rtti_impl.o(.constdata__ZTIN10__cxxabiv120__si_class_type_infoE) refers to lib_rtti_impl.o(.constdata__ZTVN10__cxxabiv120__si_class_type_infoE) for vtable for __cxxabiv1::__si_class_type_info
    lib_rtti_impl.o(.constdata__ZTIN10__cxxabiv120__si_class_type_infoE) refers to lib_rtti_impl.o(.constdata__ZTSN10__cxxabiv120__si_class_type_infoE) for typeinfo name for __cxxabiv1::__si_class_type_info
    lib_rtti_impl.o(.constdata__ZTIN10__cxxabiv120__si_class_type_infoE) refers to lib_rtti_impl.o(.constdata__ZTIN10__cxxabiv117__class_type_infoE) for typeinfo for __cxxabiv1::__class_type_info
    lib_rtti_impl.o(.constdata__ZTIN10__cxxabiv121__vmi_class_type_infoE) refers to lib_rtti_impl.o(.constdata__ZTVN10__cxxabiv120__si_class_type_infoE) for vtable for __cxxabiv1::__si_class_type_info
    lib_rtti_impl.o(.constdata__ZTIN10__cxxabiv121__vmi_class_type_infoE) refers to lib_rtti_impl.o(.constdata__ZTSN10__cxxabiv121__vmi_class_type_infoE) for typeinfo name for __cxxabiv1::__vmi_class_type_info
    lib_rtti_impl.o(.constdata__ZTIN10__cxxabiv121__vmi_class_type_infoE) refers to lib_rtti_impl.o(.constdata__ZTIN10__cxxabiv117__class_type_infoE) for typeinfo for __cxxabiv1::__class_type_info
    lib_rtti_impl.o(.constdata__ZTIN10__cxxabiv117__pbase_type_infoE) refers to lib_rtti_impl.o(.constdata__ZTVN10__cxxabiv120__si_class_type_infoE) for vtable for __cxxabiv1::__si_class_type_info
    lib_rtti_impl.o(.constdata__ZTIN10__cxxabiv117__pbase_type_infoE) refers to lib_rtti_impl.o(.constdata__ZTSN10__cxxabiv117__pbase_type_infoE) for typeinfo name for __cxxabiv1::__pbase_type_info
    lib_rtti_impl.o(.constdata__ZTIN10__cxxabiv117__pbase_type_infoE) refers to type_info_dtor.o(.constdata__ZTISt9type_info) for typeinfo for std::type_info
    lib_rtti_impl.o(.constdata__ZTIN10__cxxabiv119__pointer_type_infoE) refers to lib_rtti_impl.o(.constdata__ZTVN10__cxxabiv120__si_class_type_infoE) for vtable for __cxxabiv1::__si_class_type_info
    lib_rtti_impl.o(.constdata__ZTIN10__cxxabiv119__pointer_type_infoE) refers to lib_rtti_impl.o(.constdata__ZTSN10__cxxabiv119__pointer_type_infoE) for typeinfo name for __cxxabiv1::__pointer_type_info
    lib_rtti_impl.o(.constdata__ZTIN10__cxxabiv119__pointer_type_infoE) refers to lib_rtti_impl.o(.constdata__ZTIN10__cxxabiv117__pbase_type_infoE) for typeinfo for __cxxabiv1::__pbase_type_info
    lib_rtti_impl.o(.constdata__ZTIN10__cxxabiv129__pointer_to_member_type_infoE) refers to lib_rtti_impl.o(.constdata__ZTVN10__cxxabiv120__si_class_type_infoE) for vtable for __cxxabiv1::__si_class_type_info
    lib_rtti_impl.o(.constdata__ZTIN10__cxxabiv129__pointer_to_member_type_infoE) refers to lib_rtti_impl.o(.constdata__ZTSN10__cxxabiv129__pointer_to_member_type_infoE) for typeinfo name for __cxxabiv1::__pointer_to_member_type_info
    lib_rtti_impl.o(.constdata__ZTIN10__cxxabiv129__pointer_to_member_type_infoE) refers to lib_rtti_impl.o(.constdata__ZTIN10__cxxabiv117__pbase_type_infoE) for typeinfo for __cxxabiv1::__pbase_type_info
    lib_rtti_impl.o(i.__ARM_common_noexcept_landing) refers to arm_exceptions_callterm.o(.text) for __cxa_call_terminate
    lib_rtti_impl.o(.ARM.exidx) refers to lib_rtti_impl.o(i.__ARM_common_noexcept_landing) for i.__ARM_common_noexcept_landing
    type_info_dtor.o(.constdata__ZTVSt9type_info) refers to type_info_dtor.o(.constdata__ZTISt9type_info) for typeinfo for std::type_info
    type_info_dtor.o(.constdata__ZTVSt9type_info) refers to type_info_dtor.o(i._ZNSt9type_infoD1Ev) for std::type_info::~type_info()
    type_info_dtor.o(.constdata__ZTVSt9type_info) refers to type_info_dtor.o(i._ZNSt9type_infoD0Ev) for std::type_info::~type_info__deallocating()
    type_info_dtor.o(.constdata__ZTISt9type_info) refers to lib_rtti_impl.o(.constdata__ZTVN10__cxxabiv117__class_type_infoE) for vtable for __cxxabiv1::__class_type_info
    type_info_dtor.o(.constdata__ZTISt9type_info) refers to type_info_dtor.o(.constdata__ZTSSt9type_info) for typeinfo name for std::type_info


==============================================================================

Removing Unused input sections from the image.

    Removing main.o(i._Z12BlinkLEDTestv), (20 bytes).
    Removing main.o(i._Z13BlinkLED2Testv), (20 bytes).
    Removing main.o(i._Z14HelloWorldTestv), (20 bytes).
    Removing main.o(i._Z7RTCTestv), (124 bytes).
    Removing main.o(.ARM.exidx), (8 bytes).
    Removing main.o(.ARM.exidx), (8 bytes).
    Removing main.o(.ARM.exidx), (8 bytes).
    Removing main.o(.ARM.exidx), (8 bytes).
    Removing main.o(.ARM.exidx), (8 bytes).
    Removing main.o(.ARM.exidx), (8 bytes).
    Removing main.o(.ARM.exidx), (8 bytes).
    Removing gpio.o(i._ZN4GPIO12SetDirectionEiii), (180 bytes).
    Removing gpio.o(i._ZN4GPIO12SetInterruptEii4Edge), (144 bytes).
    Removing gpio.o(i._ZN4GPIO3SetEii), (76 bytes).
    Removing gpio.o(i._ZN4GPIO5ResetEii), (76 bytes).
    Removing gpio.o(i._ZN4GPIO6ToggleEii), (108 bytes).
    Removing gpio.o(i._ZN4GPIO8SetValueEiib), (180 bytes).
    Removing gpio.o(i._ZN4GPIO8getValueEii), (132 bytes).
    Removing gpio.o(.ARM.exidx), (8 bytes).
    Removing gpio.o(.ARM.exidx), (8 bytes).
    Removing gpio.o(.ARM.exidx), (8 bytes).
    Removing gpio.o(.ARM.exidx), (8 bytes).
    Removing gpio.o(.ARM.exidx), (8 bytes).
    Removing gpio.o(.ARM.exidx), (8 bytes).
    Removing gpio.o(.ARM.exidx), (8 bytes).
    Removing gpio.o(.ARM.exidx), (8 bytes).
    Removing gpio.o(.ARM.exidx), (8 bytes).
    Removing uart.o(i._ZN4UART13DataAvailableEc), (24 bytes).
    Removing uart.o(i._ZN4UART14DataAvailable2Ec), (16 bytes).
    Removing uart.o(i._ZN4UART3GetEc), (4 bytes).
    Removing uart.o(i._ZN4UART4Get2Ec), (14 bytes).
    Removing uart.o(i._ZN4UART4SendEcPc), (32 bytes).
    Removing uart.o(i._ZN4UART4SendEch), (28 bytes).
    Removing uart.o(.ARM.exidx), (8 bytes).
    Removing uart.o(.ARM.exidx), (8 bytes).
    Removing uart.o(.ARM.exidx), (8 bytes).
    Removing uart.o(.ARM.exidx), (8 bytes).
    Removing uart.o(.ARM.exidx), (8 bytes).
    Removing uart.o(.ARM.exidx), (8 bytes).
    Removing uart.o(.ARM.exidx), (8 bytes).
    Removing uart.o(.ARM.exidx), (8 bytes).
    Removing uart.o(.ARM.exidx), (8 bytes).
    Removing uart.o(.ARM.exidx), (8 bytes).
    Removing uart.o(.ARM.exidx), (8 bytes).
    Removing uart.o(.ARM.exidx), (8 bytes).
    Removing uart.o(.ARM.exidx), (8 bytes).
    Removing uart.o(.ARM.exidx), (8 bytes).
    Removing fifo.o(.ARM.exidx), (8 bytes).
    Removing fifo.o(.ARM.exidx), (8 bytes).
    Removing fifo.o(.ARM.exidx), (8 bytes).
    Removing fifo.o(.ARM.exidx), (8 bytes).
    Removing fifo.o(.ARM.exidx), (8 bytes).
    Removing watchdog.o(i._ZN8WatchDog16InterruptHandlerEv), (2 bytes).
    Removing watchdog.o(.ARM.exidx), (8 bytes).
    Removing watchdog.o(.ARM.exidx), (8 bytes).
    Removing watchdog.o(.ARM.exidx), (8 bytes).
    Removing watchdog.o(.ARM.exidx), (8 bytes).
    Removing systick.o(i._ZN10SystemTick4InitEj), (32 bytes).
    Removing systick.o(.ARM.exidx), (8 bytes).
    Removing systick.o(.ARM.exidx), (8 bytes).
    Removing systick.o(.ARM.exidx), (8 bytes).
    Removing rtctimer.o(i._ZN8RTCTimer12PrintDecimalEic), (104 bytes).
    Removing rtctimer.o(i._ZN8RTCTimer16InterruptHandlerEv), (20 bytes).
    Removing rtctimer.o(i._ZN8RTCTimer4InitEv), (84 bytes).
    Removing rtctimer.o(i._ZN8RTCTimer4StopEv), (20 bytes).
    Removing rtctimer.o(i._ZN8RTCTimer5PrintEv), (172 bytes).
    Removing rtctimer.o(i._ZN8RTCTimer5StartEv), (24 bytes).
    Removing rtctimer.o(i._ZN8RTCTimer7SetTimeEv), (52 bytes).
    Removing rtctimer.o(.ARM.exidx), (8 bytes).
    Removing rtctimer.o(.ARM.exidx), (8 bytes).
    Removing rtctimer.o(.ARM.exidx), (8 bytes).
    Removing rtctimer.o(.ARM.exidx), (8 bytes).
    Removing rtctimer.o(.ARM.exidx), (8 bytes).
    Removing rtctimer.o(.ARM.exidx), (8 bytes).
    Removing rtctimer.o(.ARM.exidx), (8 bytes).
    Removing rtctimer.o(.ARM.exidx), (8 bytes).
    Removing timer.o(.ARM.exidx), (8 bytes).
    Removing timer.o(.ARM.exidx), (8 bytes).
    Removing timer.o(.ARM.exidx), (8 bytes).
    Removing timer.o(.ARM.exidx), (8 bytes).
    Removing timer.o(.ARM.exidx), (8 bytes).
    Removing timer.o(.ARM.exidx), (8 bytes).
    Removing timer.o(.ARM.exidx), (8 bytes).
    Removing myblinkled.o(i._ZN8BlinkLED3RunEv), (52 bytes).
    Removing myblinkled.o(i._ZN8BlinkLED4InitEv), (28 bytes).
    Removing myblinkled.o(.ARM.exidx), (8 bytes).
    Removing myblinkled.o(.ARM.exidx), (8 bytes).
    Removing myblinkled2.o(i._ZN9BlinkLED23RunEv), (104 bytes).
    Removing myblinkled2.o(i._ZN9BlinkLED24InitEv), (44 bytes).
    Removing myblinkled2.o(.ARM.exidx), (8 bytes).
    Removing myblinkled2.o(.ARM.exidx), (8 bytes).
    Removing myblinkled2.o(.ARM.exidx), (8 bytes).
    Removing helloworld.o(i._ZN10HelloWorld3RunEv), (80 bytes).
    Removing helloworld.o(i._ZN10HelloWorld4InitEv), (32 bytes).
    Removing helloworld.o(i._ZN10HelloWorld4Run2Ev), (104 bytes).
    Removing helloworld.o(i._ZN10HelloWorld4Run3Ev), (40 bytes).
    Removing helloworld.o(i._ZN10HelloWorld4Run4Ev), (148 bytes).
    Removing helloworld.o(i._ZN10HelloWorld4Run5Ev), (136 bytes).
    Removing helloworld.o(.ARM.exidx), (8 bytes).
    Removing helloworld.o(.ARM.exidx), (8 bytes).
    Removing helloworld.o(.ARM.exidx), (8 bytes).
    Removing helloworld.o(.ARM.exidx), (8 bytes).
    Removing helloworld.o(.ARM.exidx), (8 bytes).
    Removing helloworld.o(.ARM.exidx), (8 bytes).
    Removing utility.o(i._ZN7Utility5DelayEj), (12 bytes).
    Removing utility.o(.ARM.exidx), (8 bytes).
    Removing utility.o(.ARM.exidx), (8 bytes).
    Removing main.o(.ARM.exidx), (8 bytes).

108 unused section(s) (total 3056 bytes) removed from the image.

==============================================================================

Image Symbol Table

    Local Symbols

    Symbol Name                              Value     Ov Type        Size  Object(Section)

    RESET                                    0x00000000   Section      204  startup_lpc17xx.o(RESET)
    ../../../clib/unwind_pr.c                0x00000000   Number         0  unwind_pr0.o ABSOLUTE
    ../../../clib/unwind_pr.c                0x00000000   Number         0  unwind_prcommon.o ABSOLUTE
    ../../../clib/unwinder.c                 0x00000000   Number         0  unwinder.o ABSOLUTE
    ../../../clib/unwinder.c                 0x00000000   Number         0  unwinder.o ABSOLUTE
    ../../../clib/unwinder.c                 0x00000000   Number         0  unwind_activity.o ABSOLUTE
    ../../../clib/unwinder.c                 0x00000000   Number         0  unwind_activity.o ABSOLUTE
    ../../../edgfe/lib_src/arm_exceptions.c  0x00000000   Number         0  arm_exceptions_mem.o ABSOLUTE
    ../../../edgfe/lib_src/arm_exceptions.c  0x00000000   Number         0  arm_exceptions_callterm.o ABSOLUTE
    ../../../edgfe/lib_src/arm_exceptions.c  0x00000000   Number         0  arm_exceptions_terminate.o ABSOLUTE
    ../../../edgfe/lib_src/arm_exceptions.c  0x00000000   Number         0  arm_exceptions_globs.o ABSOLUTE
    ../../../edgfe/lib_src/arm_exceptions.c  0x00000000   Number         0  arm_exceptions_support.o ABSOLUTE
    ../../../edgfe/lib_src/arm_noexceptions.c 0x00000000   Number         0  arm_callunex_noexceptions.o ABSOLUTE
    ../../../edgfe/lib_src/arm_noexceptions.c 0x00000000   Number         0  arm_newhandler_noexceptions.o ABSOLUTE
    ../../../edgfe/lib_src/arm_noexceptions.c 0x00000000   Number         0  arm_begincatch_noexceptions.o ABSOLUTE
    ../../../edgfe/lib_src/array_del.c       0x00000000   Number         0  array_del.o ABSOLUTE
    ../../../edgfe/lib_src/array_new.c       0x00000000   Number         0  array_new.o ABSOLUTE
    ../../../edgfe/lib_src/bad_alloc.c       0x00000000   Number         0  bad_alloc_dtor.o ABSOLUTE
    ../../../edgfe/lib_src/bad_alloc.c       0x00000000   Number         0  bad_alloc_what.o ABSOLUTE
    ../../../edgfe/lib_src/delete.c          0x00000000   Number         0  delete.o ABSOLUTE
    ../../../edgfe/lib_src/exception.c       0x00000000   Number         0  exception_what.o ABSOLUTE
    ../../../edgfe/lib_src/exception.c       0x00000000   Number         0  exception_dtor.o ABSOLUTE
    ../../../edgfe/lib_src/new.c             0x00000000   Number         0  new.o ABSOLUTE
    ../../../edgfe/lib_src/typeinfo.c        0x00000000   Number         0  type_info_dtor.o ABSOLUTE
    ../../../edgfe/lib_src/typeinfo.c        0x00000000   Number         0  lib_rtti_impl.o ABSOLUTE
    ../clib/angel/boardlib.s                 0x00000000   Number         0  boardinit3.o ABSOLUTE
    ../clib/angel/boardlib.s                 0x00000000   Number         0  boardinit2.o ABSOLUTE
    ../clib/angel/boardlib.s                 0x00000000   Number         0  boardinit1.o ABSOLUTE
    ../clib/angel/boardlib.s                 0x00000000   Number         0  boardshut.o ABSOLUTE
    ../clib/angel/handlers.s                 0x00000000   Number         0  __scatter_zi.o ABSOLUTE
    ../clib/angel/handlers.s                 0x00000000   Number         0  __scatter_copy.o ABSOLUTE
    ../clib/angel/kernel.s                   0x00000000   Number         0  rtexit2.o ABSOLUTE
    ../clib/angel/kernel.s                   0x00000000   Number         0  __rtentry.o ABSOLUTE
    ../clib/angel/kernel.s                   0x00000000   Number         0  rtexit.o ABSOLUTE
    ../clib/angel/kernel.s                   0x00000000   Number         0  __rtentry4.o ABSOLUTE
    ../clib/angel/kernel.s                   0x00000000   Number         0  __rtentry2.o ABSOLUTE
    ../clib/angel/rt.s                       0x00000000   Number         0  aeabi_ldiv0.o ABSOLUTE
    ../clib/angel/rt.s                       0x00000000   Number         0  aeabi_ldiv0_sigfpe.o ABSOLUTE
    ../clib/angel/rt.s                       0x00000000   Number         0  rt_ddtor_pointer_addr.o ABSOLUTE
    ../clib/angel/rt.s                       0x00000000   Number         0  rt_ddtor_pointer_addr_intlibspace.o ABSOLUTE
    ../clib/angel/rt.s                       0x00000000   Number         0  rt_new_handler_addr_intlibspace.o ABSOLUTE
    ../clib/angel/rt.s                       0x00000000   Number         0  rt_heap_descriptor_intlibspace.o ABSOLUTE
    ../clib/angel/rt.s                       0x00000000   Number         0  rt_heap_descriptor.o ABSOLUTE
    ../clib/angel/rt.s                       0x00000000   Number         0  rt_div0.o ABSOLUTE
    ../clib/angel/rt.s                       0x00000000   Number         0  rt_new_handler_addr.o ABSOLUTE
    ../clib/angel/rt.s                       0x00000000   Number         0  rt_raise.o ABSOLUTE
    ../clib/angel/rt.s                       0x00000000   Number         0  rt_eh_globals_addr_intlibspace.o ABSOLUTE
    ../clib/angel/rt.s                       0x00000000   Number         0  rt_eh_globals_addr.o ABSOLUTE
    ../clib/angel/scatter.s                  0x00000000   Number         0  __scatter.o ABSOLUTE
    ../clib/angel/startup.s                  0x00000000   Number         0  __main.o ABSOLUTE
    ../clib/angel/sys.s                      0x00000000   Number         0  mutex_dummy.o ABSOLUTE
    ../clib/angel/sys.s                      0x00000000   Number         0  libspace.o ABSOLUTE
    ../clib/angel/sys.s                      0x00000000   Number         0  sys_stackheap_outer.o ABSOLUTE
    ../clib/angel/sys.s                      0x00000000   Number         0  indicate_semi.o ABSOLUTE
    ../clib/angel/sys.s                      0x00000000   Number         0  use_no_semi.o ABSOLUTE
    ../clib/angel/sysapp.c                   0x00000000   Number         0  sys_wrch.o ABSOLUTE
    ../clib/angel/sysapp.c                   0x00000000   Number         0  sys_command.o ABSOLUTE
    ../clib/angel/sysapp.c                   0x00000000   Number         0  sys_exit.o ABSOLUTE
    ../clib/arm_runtime.c                    0x00000000   Number         0  init_aeabi.o ABSOLUTE
    ../clib/arm_runtime.c                    0x00000000   Number         0  init_aeabi.o ABSOLUTE
    ../clib/armsys.c                         0x00000000   Number         0  no_argv.o ABSOLUTE
    ../clib/armsys.c                         0x00000000   Number         0  _get_argv_nomalloc.o ABSOLUTE
    ../clib/armsys.c                         0x00000000   Number         0  _get_argv.o ABSOLUTE
    ../clib/armsys.c                         0x00000000   Number         0  argv_veneer.o ABSOLUTE
    ../clib/armsys.c                         0x00000000   Number         0  argv_veneer.o ABSOLUTE
    ../clib/heap1.c                          0x00000000   Number         0  h1_extend_mt.o ABSOLUTE
    ../clib/heap1.c                          0x00000000   Number         0  h1_final_mt.o ABSOLUTE
    ../clib/heap1.c                          0x00000000   Number         0  h1_final.o ABSOLUTE
    ../clib/heap1.c                          0x00000000   Number         0  h1_alloc.o ABSOLUTE
    ../clib/heap1.c                          0x00000000   Number         0  h1_init.o ABSOLUTE
    ../clib/heap1.c                          0x00000000   Number         0  h1_free.o ABSOLUTE
    ../clib/heap1.c                          0x00000000   Number         0  h1_init_mt.o ABSOLUTE
    ../clib/heap1.c                          0x00000000   Number         0  h1_alloc_mt.o ABSOLUTE
    ../clib/heap1.c                          0x00000000   Number         0  h1_extend.o ABSOLUTE
    ../clib/heap1.c                          0x00000000   Number         0  h1_free_mt.o ABSOLUTE
    ../clib/heap2.c                          0x00000000   Number         0  fdtree.o ABSOLUTE
    ../clib/heap2.c                          0x00000000   Number         0  heap2.o ABSOLUTE
    ../clib/heap2.c                          0x00000000   Number         0  heap2mt.o ABSOLUTE
    ../clib/heapalloc.c                      0x00000000   Number         0  maybetermalloc1.o ABSOLUTE
    ../clib/heapalloc.c                      0x00000000   Number         0  maybetermalloc2.o ABSOLUTE
    ../clib/heapalloc.c                      0x00000000   Number         0  term_alloc.o ABSOLUTE
    ../clib/heapalloc.c                      0x00000000   Number         0  maybetermalloc1.o ABSOLUTE
    ../clib/heapalloc.c                      0x00000000   Number         0  maybetermalloc2.o ABSOLUTE
    ../clib/heapalloc.c                      0x00000000   Number         0  hguard.o ABSOLUTE
    ../clib/heapalloc.c                      0x00000000   Number         0  init_alloc.o ABSOLUTE
    ../clib/heapalloc.c                      0x00000000   Number         0  free.o ABSOLUTE
    ../clib/heapalloc.c                      0x00000000   Number         0  heapstubs.o ABSOLUTE
    ../clib/heapalloc.c                      0x00000000   Number         0  hrguard.o ABSOLUTE
    ../clib/heapalloc.c                      0x00000000   Number         0  malloc.o ABSOLUTE
    ../clib/heapaux.c                        0x00000000   Number         0  heapauxa.o ABSOLUTE
    ../clib/heapaux.c                        0x00000000   Number         0  heapauxi.o ABSOLUTE
    ../clib/libinit.s                        0x00000000   Number         0  libshutdown.o ABSOLUTE
    ../clib/libinit.s                        0x00000000   Number         0  libinit.o ABSOLUTE
    ../clib/libinit.s                        0x00000000   Number         0  libshutdown2.o ABSOLUTE
    ../clib/libinit.s                        0x00000000   Number         0  libinit2.o ABSOLUTE
    ../clib/longlong.s                       0x00000000   Number         0  lludivv7m.o ABSOLUTE
    ../clib/memcpset.s                       0x00000000   Number         0  rt_memcpy_w.o ABSOLUTE
    ../clib/signal.c                         0x00000000   Number         0  defsig_abrt_inner.o ABSOLUTE
    ../clib/signal.c                         0x00000000   Number         0  defsig_rtred_inner.o ABSOLUTE
    ../clib/signal.c                         0x00000000   Number         0  defsig_rtmem_formal.o ABSOLUTE
    ../clib/signal.c                         0x00000000   Number         0  defsig_abrt_formal.o ABSOLUTE
    ../clib/signal.c                         0x00000000   Number         0  defsig_abrt_outer.o ABSOLUTE
    ../clib/signal.c                         0x00000000   Number         0  defsig_general.o ABSOLUTE
    ../clib/signal.c                         0x00000000   Number         0  __raise.o ABSOLUTE
    ../clib/signal.c                         0x00000000   Number         0  defsig_fpe_outer.o ABSOLUTE
    ../clib/signal.c                         0x00000000   Number         0  defsig_rtmem_inner.o ABSOLUTE
    ../clib/signal.c                         0x00000000   Number         0  defsig_fpe_inner.o ABSOLUTE
    ../clib/signal.c                         0x00000000   Number         0  defsig_stak_inner.o ABSOLUTE
    ../clib/signal.c                         0x00000000   Number         0  defsig_exit.o ABSOLUTE
    ../clib/signal.c                         0x00000000   Number         0  defsig_rtmem_outer.o ABSOLUTE
    ../clib/signal.c                         0x00000000   Number         0  defsig_fpe_formal.o ABSOLUTE
    ../clib/signal.c                         0x00000000   Number         0  defsig_pvfn_inner.o ABSOLUTE
    ../clib/signal.c                         0x00000000   Number         0  defsig_cppl_inner.o ABSOLUTE
    ../clib/signal.c                         0x00000000   Number         0  defsig_segv_inner.o ABSOLUTE
    ../clib/signal.c                         0x00000000   Number         0  defsig_other.o ABSOLUTE
    ../clib/signal.s                         0x00000000   Number         0  defsig.o ABSOLUTE
    ../clib/stdlib.c                         0x00000000   Number         0  aeabi_atexit.o ABSOLUTE
    ../clib/stdlib.c                         0x00000000   Number         0  atexit_aeabi.o ABSOLUTE
    ../clib/stdlib.c                         0x00000000   Number         0  bsearchnoex.o ABSOLUTE
    ../clib/stdlib.c                         0x00000000   Number         0  abort.o ABSOLUTE
    ../clib/stdlib.c                         0x00000000   Number         0  cxa_finalize.o ABSOLUTE
    ../clib/stdlib.c                         0x00000000   Number         0  exit.o ABSOLUTE
    ../fplib/fpinit.s                        0x00000000   Number         0  fpinit.o ABSOLUTE
    Fifo.cpp                                 0x00000000   Number         0  fifo.o ABSOLUTE
    GPIO.cpp                                 0x00000000   Number         0  gpio.o ABSOLUTE
    HelloWorld.cpp                           0x00000000   Number         0  helloworld.o ABSOLUTE
    MyBlinkLED.cpp                           0x00000000   Number         0  myblinkled.o ABSOLUTE
    MyBlinkLED2.cpp                          0x00000000   Number         0  myblinkled2.o ABSOLUTE
    RTCTimer.cpp                             0x00000000   Number         0  rtctimer.o ABSOLUTE
    Startup\startup_LPC17xx.s                0x00000000   Number         0  startup_lpc17xx.o ABSOLUTE
    Startup\system_LPC17xx.c                 0x00000000   Number         0  system_lpc17xx.o ABSOLUTE
    SysTick.cpp                              0x00000000   Number         0  systick.o ABSOLUTE
    Timer.cpp                                0x00000000   Number         0  timer.o ABSOLUTE
    UART.cpp                                 0x00000000   Number         0  uart.o ABSOLUTE
    Utility.cpp                              0x00000000   Number         0  utility.o ABSOLUTE
    WatchDog.cpp                             0x00000000   Number         0  watchdog.o ABSOLUTE
    dc.s                                     0x00000000   Number         0  dc.o ABSOLUTE
    main.cpp                                 0x00000000   Number         0  main.o ABSOLUTE
    !!!main                                  0x000000cc   Section        8  __main.o(!!!main)
    !!!scatter                               0x000000d4   Section       52  __scatter.o(!!!scatter)
    !!handler_copy                           0x00000108   Section       26  __scatter_copy.o(!!handler_copy)
    !!handler_zi                             0x00000124   Section       28  __scatter_zi.o(!!handler_zi)
    .ARM.Collect$$libinit$$00000000          0x00000140   Section        2  libinit.o(.ARM.Collect$$libinit$$00000000)
    .ARM.Collect$$libinit$$00000002          0x00000142   Section        0  libinit2.o(.ARM.Collect$$libinit$$00000002)
    .ARM.Collect$$libinit$$00000004          0x00000142   Section        0  libinit2.o(.ARM.Collect$$libinit$$00000004)
    .ARM.Collect$$libinit$$00000005          0x00000142   Section        8  libinit2.o(.ARM.Collect$$libinit$$00000005)
    .ARM.Collect$$libinit$$0000000A          0x0000014a   Section        0  libinit2.o(.ARM.Collect$$libinit$$0000000A)
    .ARM.Collect$$libinit$$0000000C          0x0000014a   Section        0  libinit2.o(.ARM.Collect$$libinit$$0000000C)
    .ARM.Collect$$libinit$$0000000E          0x0000014a   Section        0  libinit2.o(.ARM.Collect$$libinit$$0000000E)
    .ARM.Collect$$libinit$$00000011          0x0000014a   Section        0  libinit2.o(.ARM.Collect$$libinit$$00000011)
    .ARM.Collect$$libinit$$00000013          0x0000014a   Section        0  libinit2.o(.ARM.Collect$$libinit$$00000013)
    .ARM.Collect$$libinit$$00000015          0x0000014a   Section        0  libinit2.o(.ARM.Collect$$libinit$$00000015)
    .ARM.Collect$$libinit$$00000017          0x0000014a   Section        0  libinit2.o(.ARM.Collect$$libinit$$00000017)
    .ARM.Collect$$libinit$$00000019          0x0000014a   Section        0  libinit2.o(.ARM.Collect$$libinit$$00000019)
    .ARM.Collect$$libinit$$0000001B          0x0000014a   Section        0  libinit2.o(.ARM.Collect$$libinit$$0000001B)
    .ARM.Collect$$libinit$$0000001D          0x0000014a   Section        0  libinit2.o(.ARM.Collect$$libinit$$0000001D)
    .ARM.Collect$$libinit$$0000001F          0x0000014a   Section        0  libinit2.o(.ARM.Collect$$libinit$$0000001F)
    .ARM.Collect$$libinit$$00000021          0x0000014a   Section        0  libinit2.o(.ARM.Collect$$libinit$$00000021)
    .ARM.Collect$$libinit$$00000023          0x0000014a   Section        0  libinit2.o(.ARM.Collect$$libinit$$00000023)
    .ARM.Collect$$libinit$$00000025          0x0000014a   Section        0  libinit2.o(.ARM.Collect$$libinit$$00000025)
    .ARM.Collect$$libinit$$0000002C          0x0000014a   Section        0  libinit2.o(.ARM.Collect$$libinit$$0000002C)
    .ARM.Collect$$libinit$$0000002E          0x0000014a   Section        0  libinit2.o(.ARM.Collect$$libinit$$0000002E)
    .ARM.Collect$$libinit$$00000030          0x0000014a   Section        0  libinit2.o(.ARM.Collect$$libinit$$00000030)
    .ARM.Collect$$libinit$$00000031          0x0000014a   Section        4  libinit2.o(.ARM.Collect$$libinit$$00000031)
    .ARM.Collect$$libinit$$00000032          0x0000014e   Section        0  libinit2.o(.ARM.Collect$$libinit$$00000032)
    .ARM.Collect$$libinit$$00000033          0x0000014e   Section        2  libinit2.o(.ARM.Collect$$libinit$$00000033)
    .ARM.Collect$$libshutdown$$00000000      0x00000150   Section        2  libshutdown.o(.ARM.Collect$$libshutdown$$00000000)
    .ARM.Collect$$libshutdown$$00000001      0x00000152   Section        6  libshutdown2.o(.ARM.Collect$$libshutdown$$00000001)
    .ARM.Collect$$libshutdown$$00000002      0x00000158   Section        0  libshutdown2.o(.ARM.Collect$$libshutdown$$00000002)
    .ARM.Collect$$libshutdown$$00000004      0x00000158   Section        0  libshutdown2.o(.ARM.Collect$$libshutdown$$00000004)
    .ARM.Collect$$libshutdown$$00000007      0x00000158   Section        0  libshutdown2.o(.ARM.Collect$$libshutdown$$00000007)
    .ARM.Collect$$libshutdown$$0000000A      0x00000158   Section        0  libshutdown2.o(.ARM.Collect$$libshutdown$$0000000A)
    .ARM.Collect$$libshutdown$$0000000C      0x00000158   Section        0  libshutdown2.o(.ARM.Collect$$libshutdown$$0000000C)
    .ARM.Collect$$libshutdown$$0000000F      0x00000158   Section        0  libshutdown2.o(.ARM.Collect$$libshutdown$$0000000F)
    .ARM.Collect$$libshutdown$$00000010      0x00000158   Section        2  libshutdown2.o(.ARM.Collect$$libshutdown$$00000010)
    .ARM.Collect$$rtentry$$00000000          0x0000015a   Section        0  __rtentry.o(.ARM.Collect$$rtentry$$00000000)
    .ARM.Collect$$rtentry$$00000002          0x0000015a   Section        0  __rtentry2.o(.ARM.Collect$$rtentry$$00000002)
    .ARM.Collect$$rtentry$$00000004          0x0000015a   Section        6  __rtentry4.o(.ARM.Collect$$rtentry$$00000004)
    .ARM.Collect$$rtentry$$00000009          0x00000160   Section        0  __rtentry2.o(.ARM.Collect$$rtentry$$00000009)
    .ARM.Collect$$rtentry$$0000000A          0x00000160   Section        4  __rtentry2.o(.ARM.Collect$$rtentry$$0000000A)
    .ARM.Collect$$rtentry$$0000000C          0x00000164   Section        0  __rtentry2.o(.ARM.Collect$$rtentry$$0000000C)
    .ARM.Collect$$rtentry$$0000000D          0x00000164   Section        8  __rtentry2.o(.ARM.Collect$$rtentry$$0000000D)
    .ARM.Collect$$rtexit$$00000000           0x0000016c   Section        2  rtexit.o(.ARM.Collect$$rtexit$$00000000)
    .ARM.Collect$$rtexit$$00000002           0x0000016e   Section        0  rtexit2.o(.ARM.Collect$$rtexit$$00000002)
    .ARM.Collect$$rtexit$$00000003           0x0000016e   Section        4  rtexit2.o(.ARM.Collect$$rtexit$$00000003)
    .ARM.Collect$$rtexit$$00000004           0x00000172   Section        6  rtexit2.o(.ARM.Collect$$rtexit$$00000004)
    .emb_text                                0x00000178   Section        0  maybetermalloc1.o(.emb_text)
    .text                                    0x00000178   Section       56  startup_lpc17xx.o(.text)
    .text                                    0x000001b0   Section      238  lludivv7m.o(.text)
    .text                                    0x0000029e   Section        0  aeabi_atexit.o(.text)
    .text                                    0x000002cc   Section        0  heapauxi.o(.text)
    .text                                    0x000002d4   Section        0  init_aeabi.o(.text)
    .text                                    0x000002f8   Section        8  rt_ddtor_pointer_addr_intlibspace.o(.text)
    .text                                    0x00000300   Section        0  h1_alloc.o(.text)
    .text                                    0x0000035e   Section        0  cxa_finalize.o(.text)
    .text                                    0x000003a0   Section        8  libspace.o(.text)
    .text                                    0x000003a8   Section        8  rt_heap_descriptor_intlibspace.o(.text)
    .text                                    0x000003b0   Section        8  rt_new_handler_addr_intlibspace.o(.text)
    .text                                    0x000003b8   Section        0  hguard.o(.text)
    .text                                    0x000003bc   Section        0  init_alloc.o(.text)
    .text                                    0x00000446   Section        0  h1_init.o(.text)
    .text                                    0x00000454   Section        0  h1_free.o(.text)
    .text                                    0x000004a2   Section        0  arm_newhandler_noexceptions.o(.text)
    .text                                    0x000004a6   Section       74  sys_stackheap_outer.o(.text)
    .text                                    0x000004f0   Section        0  h1_extend.o(.text)
    .text                                    0x00000524   Section        0  exit.o(.text)
    .text                                    0x00000536   Section        0  defsig_rtmem_outer.o(.text)
    .text                                    0x00000544   Section        0  arm_exceptions_terminate.o(.text)
    .text                                    0x0000055e   Section        2  use_no_semi.o(.text)
    .text                                    0x00000560   Section        0  indicate_semi.o(.text)
    .text                                    0x00000560   Section        0  abort.o(.text)
    .text                                    0x00000576   Section        0  defsig_exit.o(.text)
    .text                                    0x00000580   Section        0  defsig_rtmem_inner.o(.text)
    .text                                    0x000005d0   Section        0  arm_exceptions_globs.o(.text)
    [local to arm_exceptions_c]::__default_terminate_handler() 0x000005d1   Thumb Code     6  arm_exceptions_globs.o(.text)
    .text                                    0x00000620   Section        0  sys_exit.o(.text)
    .text                                    0x0000062c   Section        8  rt_eh_globals_addr_intlibspace.o(.text)
    .text                                    0x00000634   Section        0  defsig_general.o(.text)
    .text                                    0x00000666   Section        0  defsig_abrt_outer.o(.text)
    .text                                    0x00000674   Section        0  arm_exceptions_mem.o(.text)
    .text                                    0x000006b0   Section        0  sys_wrch.o(.text)
    .text                                    0x000006c0   Section        0  defsig_abrt_inner.o(.text)
    i.EINT3_IRQHandler                       0x000006f0   Section        0  gpio.o(i.EINT3_IRQHandler)
    i.RTC_IRQHandler                         0x00000714   Section        0  rtctimer.o(i.RTC_IRQHandler)
    i.SysTick_Handler                        0x00000718   Section        0  systick.o(i.SysTick_Handler)
    i.SystemInit                             0x00000728   Section        0  system_lpc17xx.o(i.SystemInit)
    i.TIMER0_IRQHandler                      0x00000954   Section        0  timer.o(i.TIMER0_IRQHandler)
    i.UART2_IRQHandler                       0x00000964   Section        0  uart.o(i.UART2_IRQHandler)
    i.WDT_IRQHandler                         0x00000974   Section        0  watchdog.o(i.WDT_IRQHandler)
    i._Z9TimerTestv                          0x00000978   Section        0  main.o(i._Z9TimerTestv)
    i._ZN10SystemTick16InterruptHandlerEv    0x00000a0c   Section        0  systick.o(i._ZN10SystemTick16InterruptHandlerEv)
    i._ZN4Fifo4InitEi                        0x00000a14   Section        0  fifo.o(i._ZN4Fifo4InitEi)
    i._ZN4Fifo7DequeueEv                     0x00000a2e   Section        0  fifo.o(i._ZN4Fifo7DequeueEv)
    i._ZN4Fifo7EnqueueEc                     0x00000a5a   Section        0  fifo.o(i._ZN4Fifo7EnqueueEc)
    i._ZN4FifoC1Ev                           0x00000a8a   Section        0  fifo.o(i._ZN4FifoC1Ev)
    i._ZN4FifoD1Ev                           0x00000a96   Section        0  fifo.o(i._ZN4FifoD1Ev)
    i._ZN4GPIOC1Ev                           0x00000aa4   Section        0  gpio.o(i._ZN4GPIOC1Ev)
    i._ZN4UART11SetBaudRateEci               0x00000ac8   Section        0  uart.o(i._ZN4UART11SetBaudRateEci)
    i._ZN4UART13InitInterruptEi10DataLength7StopBit6Parityi 0x00000c34   Section        0  uart.o(i._ZN4UART13InitInterruptEi10DataLength7StopBit6Parityi)
    i._ZN4UART16InterruptHandlerEc           0x00000c7c   Section        0  uart.o(i._ZN4UART16InterruptHandlerEc)
    i._ZN4UART4InitEi10DataLength7StopBit6Parityi 0x00000cb8   Section        0  uart.o(i._ZN4UART4InitEi10DataLength7StopBit6Parityi)
    i._ZN4UART5Send2EcPc                     0x00000d38   Section        0  uart.o(i._ZN4UART5Send2EcPc)
    i._ZN4UART5Send2Ech                      0x00000d5c   Section        0  uart.o(i._ZN4UART5Send2Ech)
    i._ZN4UART7ConnectEi                     0x00000d88   Section        0  uart.o(i._ZN4UART7ConnectEi)
    i._ZN4UARTD1Ev                           0x00000da8   Section        0  main.o(i._ZN4UARTD1Ev)
    i._ZN5Timer11SetIntervalEcj              0x00000dc2   Section        0  timer.o(i._ZN5Timer11SetIntervalEcj)
    i._ZN5Timer16InterruptHandlerEv          0x00000dea   Section        0  timer.o(i._ZN5Timer16InterruptHandlerEv)
    i._ZN5Timer4InitEv                       0x00000e04   Section        0  timer.o(i._ZN5Timer4InitEv)
    i._ZN5Timer5ResetEc                      0x00000e38   Section        0  timer.o(i._ZN5Timer5ResetEc)
    i._ZN5Timer6EnableEv                     0x00000e60   Section        0  timer.o(i._ZN5Timer6EnableEv)
    i._ZN5Timer7DisableEv                    0x00000e72   Section        0  timer.o(i._ZN5Timer7DisableEv)
    i._ZN7Utility16DelayMicroSecondEj        0x00000e84   Section        0  utility.o(i._ZN7Utility16DelayMicroSecondEj)
    i._ZN8WatchDog4FeedEv                    0x00000ed0   Section        0  watchdog.o(i._ZN8WatchDog4FeedEv)
    i._ZN8WatchDog4InitEv                    0x00000edc   Section        0  watchdog.o(i._ZN8WatchDog4InitEv)
    i._ZN9BlinkLED216InterruptHandlerEv      0x00000efc   Section        0  myblinkled2.o(i._ZN9BlinkLED216InterruptHandlerEv)
    i._ZdaPv                                 0x00000f30   Section        0  array_del.o(i._ZdaPv)
    i._ZdlPv                                 0x00000f38   Section        0  delete.o(i._ZdlPv)
    i._Znaj                                  0x00000f40   Section        0  array_new.o(i._Znaj)
    i._Znwj                                  0x00000f48   Section        0  new.o(i._Znwj)
    i.__sti___8_main_cpp_leds                0x00000f70   Section        0  main.o(i.__sti___8_main_cpp_leds)
    __sti___8_main_cpp_leds                  0x00000f71   Thumb Code    54  main.o(i.__sti___8_main_cpp_leds)
    i.main                                   0x00000fbc   Section        0  main.o(i.main)
    .init_array                              0x00001000   Section        4  main.o(.init_array)
    .init_array                              0x00001004   Section        0  init_aeabi.o(.init_array)
    HEAP                                     0x10000000   Section    32768  startup_lpc17xx.o(HEAP)
    Heap_Mem                                 0x10000000   Data       32768  startup_lpc17xx.o(HEAP)
    .data                                    0x2007c000   Section        4  system_lpc17xx.o(.data)
    .data                                    0x2007c004   Section       14  main.o(.data)
    .bss                                     0x2007c014   Section       84  main.o(.bss)
    .bss                                     0x2007c068   Section       96  libspace.o(.bss)
    STACK                                    0x2007c0c8   Section    16384  startup_lpc17xx.o(STACK)
    Stack_Mem                                0x2007c0c8   Data       16384  startup_lpc17xx.o(STACK)
    __initial_sp                             0x200800c8   Data           0  startup_lpc17xx.o(STACK)

    Global Symbols

    Symbol Name                              Value     Ov Type        Size  Object(Section)

    BuildAttributes$$THM_ISAv4$P$D$K$B$S$PE$A:L22UL41UL21$X:L11$S22US41US21$IEEE1$IW$USESV6$~STKCKD$USESV7$~SHL$OTIME$ROPI$EBA8$UX$STANDARDLIB$REQ8$PRES8$EABIv2 0x00000000   Number         0  anon$$obj.o ABSOLUTE
    __ARM_use_no_argv                        0x00000000   Number         0  main.o ABSOLUTE
    __Vectors                                0x00000000   Data           4  startup_lpc17xx.o(RESET)
    __dso_handle                             0x00000000   Number         0  startup_lpc17xx.o(RESET)
    SHT$$ARM_EXIDX$$Base                      - Undefined Reference
    SHT$$ARM_EXIDX$$Limit                     - Undefined Reference
    __ARM::default_unexpected_handler()       - Undefined Weak Reference
    __ARM_exceptions_buffer_required          - Undefined Weak Reference
    __ARM_exceptions_init                     - Undefined Weak Reference
    __aeabi_unwind_cpp_pr1                    - Undefined Weak Reference
    __aeabi_unwind_cpp_pr2                    - Undefined Weak Reference
    __alloca_initialize                       - Undefined Weak Reference
    __arm_preinit_                            - Undefined Weak Reference
    __cxa_begin_cleanup                       - Undefined Weak Reference
    __cxa_type_match                          - Undefined Weak Reference
    __rt_locale                               - Undefined Weak Reference
    __sigvec_lookup                           - Undefined Weak Reference
    __user_heap_extent                        - Undefined Weak Reference
    _atexit_init                              - Undefined Weak Reference
    _call_atexit_fns                          - Undefined Weak Reference
    _clock_init                               - Undefined Weak Reference
    _fp_trap_init                             - Undefined Weak Reference
    _fp_trap_shutdown                         - Undefined Weak Reference
    _get_lc_collate                           - Undefined Weak Reference
    _get_lc_ctype                             - Undefined Weak Reference
    _get_lc_monetary                          - Undefined Weak Reference
    _get_lc_numeric                           - Undefined Weak Reference
    _get_lc_time                              - Undefined Weak Reference
    _getenv_init                              - Undefined Weak Reference
    _handle_redirection                       - Undefined Weak Reference
    _initio                                   - Undefined Weak Reference
    _mutex_acquire                            - Undefined Weak Reference
    _mutex_free                               - Undefined Weak Reference
    _mutex_release                            - Undefined Weak Reference
    _rand_init                                - Undefined Weak Reference
    _signal_finish                            - Undefined Weak Reference
    _signal_init                              - Undefined Weak Reference
    _terminateio                              - Undefined Weak Reference
    __main                                   0x000000cd   Thumb Code     8  __main.o(!!!main)
    __scatterload                            0x000000d5   Thumb Code     0  __scatter.o(!!!scatter)
    __scatterload_rt2                        0x000000d5   Thumb Code    44  __scatter.o(!!!scatter)
    __scatterload_rt2_thumb_only             0x000000d5   Thumb Code     0  __scatter.o(!!!scatter)
    __scatterload_null                       0x000000e3   Thumb Code     0  __scatter.o(!!!scatter)
    __scatterload_copy                       0x00000109   Thumb Code    26  __scatter_copy.o(!!handler_copy)
    __scatterload_zeroinit                   0x00000125   Thumb Code    28  __scatter_zi.o(!!handler_zi)
    __rt_lib_init                            0x00000141   Thumb Code     0  libinit.o(.ARM.Collect$$libinit$$00000000)
    __rt_lib_init_fp_1                       0x00000143   Thumb Code     0  libinit2.o(.ARM.Collect$$libinit$$00000002)
    __rt_lib_init_heap_2                     0x00000143   Thumb Code     0  libinit2.o(.ARM.Collect$$libinit$$00000005)
    __rt_lib_init_preinit_1                  0x00000143   Thumb Code     0  libinit2.o(.ARM.Collect$$libinit$$00000004)
    __rt_lib_init_alloca_1                   0x0000014b   Thumb Code     0  libinit2.o(.ARM.Collect$$libinit$$0000002E)
    __rt_lib_init_argv_1                     0x0000014b   Thumb Code     0  libinit2.o(.ARM.Collect$$libinit$$0000002C)
    __rt_lib_init_atexit_1                   0x0000014b   Thumb Code     0  libinit2.o(.ARM.Collect$$libinit$$0000001B)
    __rt_lib_init_clock_1                    0x0000014b   Thumb Code     0  libinit2.o(.ARM.Collect$$libinit$$00000021)
    __rt_lib_init_cpp_2                      0x0000014b   Thumb Code     0  libinit2.o(.ARM.Collect$$libinit$$00000031)
    __rt_lib_init_exceptions_1               0x0000014b   Thumb Code     0  libinit2.o(.ARM.Collect$$libinit$$00000030)
    __rt_lib_init_fp_trap_1                  0x0000014b   Thumb Code     0  libinit2.o(.ARM.Collect$$libinit$$0000001F)
    __rt_lib_init_getenv_1                   0x0000014b   Thumb Code     0  libinit2.o(.ARM.Collect$$libinit$$00000023)
    __rt_lib_init_heap_1                     0x0000014b   Thumb Code     0  libinit2.o(.ARM.Collect$$libinit$$0000000A)
    __rt_lib_init_lc_collate_1               0x0000014b   Thumb Code     0  libinit2.o(.ARM.Collect$$libinit$$00000011)
    __rt_lib_init_lc_ctype_1                 0x0000014b   Thumb Code     0  libinit2.o(.ARM.Collect$$libinit$$00000013)
    __rt_lib_init_lc_monetary_1              0x0000014b   Thumb Code     0  libinit2.o(.ARM.Collect$$libinit$$00000015)
    __rt_lib_init_lc_numeric_1               0x0000014b   Thumb Code     0  libinit2.o(.ARM.Collect$$libinit$$00000017)
    __rt_lib_init_lc_time_1                  0x0000014b   Thumb Code     0  libinit2.o(.ARM.Collect$$libinit$$00000019)
    __rt_lib_init_rand_1                     0x0000014b   Thumb Code     0  libinit2.o(.ARM.Collect$$libinit$$0000000E)
    __rt_lib_init_signal_1                   0x0000014b   Thumb Code     0  libinit2.o(.ARM.Collect$$libinit$$0000001D)
    __rt_lib_init_stdio_1                    0x0000014b   Thumb Code     0  libinit2.o(.ARM.Collect$$libinit$$00000025)
    __rt_lib_init_user_alloc_1               0x0000014b   Thumb Code     0  libinit2.o(.ARM.Collect$$libinit$$0000000C)
    __rt_lib_init_cpp_1                      0x0000014f   Thumb Code     0  libinit2.o(.ARM.Collect$$libinit$$00000032)
    __rt_lib_init_return                     0x0000014f   Thumb Code     0  libinit2.o(.ARM.Collect$$libinit$$00000033)
    __rt_lib_shutdown                        0x00000151   Thumb Code     0  libshutdown.o(.ARM.Collect$$libshutdown$$00000000)
    __rt_lib_shutdown_cpp_2                  0x00000153   Thumb Code     0  libshutdown2.o(.ARM.Collect$$libshutdown$$00000001)
    __rt_lib_shutdown_cpp_1                  0x00000159   Thumb Code     0  libshutdown2.o(.ARM.Collect$$libshutdown$$00000002)
    __rt_lib_shutdown_fp_trap_1              0x00000159   Thumb Code     0  libshutdown2.o(.ARM.Collect$$libshutdown$$00000007)
    __rt_lib_shutdown_heap_1                 0x00000159   Thumb Code     0  libshutdown2.o(.ARM.Collect$$libshutdown$$0000000F)
    __rt_lib_shutdown_return                 0x00000159   Thumb Code     0  libshutdown2.o(.ARM.Collect$$libshutdown$$00000010)
    __rt_lib_shutdown_signal_1               0x00000159   Thumb Code     0  libshutdown2.o(.ARM.Collect$$libshutdown$$0000000A)
    __rt_lib_shutdown_stdio_1                0x00000159   Thumb Code     0  libshutdown2.o(.ARM.Collect$$libshutdown$$00000004)
    __rt_lib_shutdown_user_alloc_1           0x00000159   Thumb Code     0  libshutdown2.o(.ARM.Collect$$libshutdown$$0000000C)
    __rt_entry                               0x0000015b   Thumb Code     0  __rtentry.o(.ARM.Collect$$rtentry$$00000000)
    __rt_entry_presh_1                       0x0000015b   Thumb Code     0  __rtentry2.o(.ARM.Collect$$rtentry$$00000002)
    __rt_entry_sh                            0x0000015b   Thumb Code     0  __rtentry4.o(.ARM.Collect$$rtentry$$00000004)
    __rt_entry_li                            0x00000161   Thumb Code     0  __rtentry2.o(.ARM.Collect$$rtentry$$0000000A)
    __rt_entry_postsh_1                      0x00000161   Thumb Code     0  __rtentry2.o(.ARM.Collect$$rtentry$$00000009)
    __rt_entry_main                          0x00000165   Thumb Code     0  __rtentry2.o(.ARM.Collect$$rtentry$$0000000D)
    __rt_entry_postli_1                      0x00000165   Thumb Code     0  __rtentry2.o(.ARM.Collect$$rtentry$$0000000C)
    __rt_exit                                0x0000016d   Thumb Code     0  rtexit.o(.ARM.Collect$$rtexit$$00000000)
    __rt_exit_ls                             0x0000016f   Thumb Code     0  rtexit2.o(.ARM.Collect$$rtexit$$00000003)
    __rt_exit_prels_1                        0x0000016f   Thumb Code     0  rtexit2.o(.ARM.Collect$$rtexit$$00000002)
    __rt_exit_exit                           0x00000173   Thumb Code     0  rtexit2.o(.ARM.Collect$$rtexit$$00000004)
    Reset_Handler                            0x00000179   Thumb Code     4  startup_lpc17xx.o(.text)
    _maybe_terminate_alloc                   0x00000179   Thumb Code     0  maybetermalloc1.o(.emb_text)
    NMI_Handler                              0x0000017d   Thumb Code     2  startup_lpc17xx.o(.text)
    HardFault_Handler                        0x0000017f   Thumb Code     2  startup_lpc17xx.o(.text)
    MemManage_Handler                        0x00000181   Thumb Code     2  startup_lpc17xx.o(.text)
    BusFault_Handler                         0x00000183   Thumb Code     2  startup_lpc17xx.o(.text)
    UsageFault_Handler                       0x00000185   Thumb Code     2  startup_lpc17xx.o(.text)
    SVC_Handler                              0x00000187   Thumb Code     2  startup_lpc17xx.o(.text)
    DebugMon_Handler                         0x00000189   Thumb Code     2  startup_lpc17xx.o(.text)
    PendSV_Handler                           0x0000018b   Thumb Code     2  startup_lpc17xx.o(.text)
    ADC_IRQHandler                           0x0000018f   Thumb Code     0  startup_lpc17xx.o(.text)
    BOD_IRQHandler                           0x0000018f   Thumb Code     0  startup_lpc17xx.o(.text)
    CANActivity_IRQHandler                   0x0000018f   Thumb Code     0  startup_lpc17xx.o(.text)
    CAN_IRQHandler                           0x0000018f   Thumb Code     0  startup_lpc17xx.o(.text)
    DMA_IRQHandler                           0x0000018f   Thumb Code     0  startup_lpc17xx.o(.text)
    EINT0_IRQHandler                         0x0000018f   Thumb Code     0  startup_lpc17xx.o(.text)
    EINT1_IRQHandler                         0x0000018f   Thumb Code     0  startup_lpc17xx.o(.text)
    EINT2_IRQHandler                         0x0000018f   Thumb Code     0  startup_lpc17xx.o(.text)
    ENET_IRQHandler                          0x0000018f   Thumb Code     0  startup_lpc17xx.o(.text)
    I2C0_IRQHandler                          0x0000018f   Thumb Code     0  startup_lpc17xx.o(.text)
    I2C1_IRQHandler                          0x0000018f   Thumb Code     0  startup_lpc17xx.o(.text)
    I2C2_IRQHandler                          0x0000018f   Thumb Code     0  startup_lpc17xx.o(.text)
    I2S_IRQHandler                           0x0000018f   Thumb Code     0  startup_lpc17xx.o(.text)
    MCPWM_IRQHandler                         0x0000018f   Thumb Code     0  startup_lpc17xx.o(.text)
    PLL0_IRQHandler                          0x0000018f   Thumb Code     0  startup_lpc17xx.o(.text)
    PLL1_IRQHandler                          0x0000018f   Thumb Code     0  startup_lpc17xx.o(.text)
    PWM1_IRQHandler                          0x0000018f   Thumb Code     0  startup_lpc17xx.o(.text)
    QEI_IRQHandler                           0x0000018f   Thumb Code     0  startup_lpc17xx.o(.text)
    RIT_IRQHandler                           0x0000018f   Thumb Code     0  startup_lpc17xx.o(.text)
    SPI_IRQHandler                           0x0000018f   Thumb Code     0  startup_lpc17xx.o(.text)
    SSP0_IRQHandler                          0x0000018f   Thumb Code     0  startup_lpc17xx.o(.text)
    SSP1_IRQHandler                          0x0000018f   Thumb Code     0  startup_lpc17xx.o(.text)
    TIMER1_IRQHandler                        0x0000018f   Thumb Code     0  startup_lpc17xx.o(.text)
    TIMER2_IRQHandler                        0x0000018f   Thumb Code     0  startup_lpc17xx.o(.text)
    TIMER3_IRQHandler                        0x0000018f   Thumb Code     0  startup_lpc17xx.o(.text)
    UART0_IRQHandler                         0x0000018f   Thumb Code     0  startup_lpc17xx.o(.text)
    UART1_IRQHandler                         0x0000018f   Thumb Code     0  startup_lpc17xx.o(.text)
    UART3_IRQHandler                         0x0000018f   Thumb Code     0  startup_lpc17xx.o(.text)
    USBActivity_IRQHandler                   0x0000018f   Thumb Code     0  startup_lpc17xx.o(.text)
    USB_IRQHandler                           0x0000018f   Thumb Code     0  startup_lpc17xx.o(.text)
    __user_initial_stackheap                 0x00000191   Thumb Code     0  startup_lpc17xx.o(.text)
    __aeabi_uldivmod                         0x000001b1   Thumb Code     0  lludivv7m.o(.text)
    _ll_udiv                                 0x000001b1   Thumb Code   238  lludivv7m.o(.text)
    __aeabi_atexit                           0x0000029f   Thumb Code    46  aeabi_atexit.o(.text)
    __use_two_region_memory                  0x000002cd   Thumb Code     2  heapauxi.o(.text)
    __rt_heap_escrow                         0x000002cf   Thumb Code     2  heapauxi.o(.text)
    __rt_heap_expand                         0x000002d1   Thumb Code     2  heapauxi.o(.text)
    __cpp_initialize__aeabi_                 0x000002d5   Thumb Code    26  init_aeabi.o(.text)
    __rt_ddtor_pointer_addr                  0x000002f9   Thumb Code     8  rt_ddtor_pointer_addr_intlibspace.o(.text)
    malloc                                   0x00000301   Thumb Code    94  h1_alloc.o(.text)
    __cxa_finalize                           0x0000035f   Thumb Code    66  cxa_finalize.o(.text)
    __user_libspace                          0x000003a1   Thumb Code     8  libspace.o(.text)
    __user_perproc_libspace                  0x000003a1   Thumb Code     0  libspace.o(.text)
    __user_perthread_libspace                0x000003a1   Thumb Code     0  libspace.o(.text)
    __rt_heap_descriptor                     0x000003a9   Thumb Code     8  rt_heap_descriptor_intlibspace.o(.text)
    __rt_new_handler_addr                    0x000003b1   Thumb Code     8  rt_new_handler_addr_intlibspace.o(.text)
    __use_no_heap                            0x000003b9   Thumb Code     2  hguard.o(.text)
    __heap$guard                             0x000003bb   Thumb Code     2  hguard.o(.text)
    _terminate_user_alloc                    0x000003bd   Thumb Code     2  init_alloc.o(.text)
    _init_user_alloc                         0x000003bf   Thumb Code     2  init_alloc.o(.text)
    __Heap_Full                              0x000003c1   Thumb Code    34  init_alloc.o(.text)
    __Heap_Broken                            0x000003e3   Thumb Code     6  init_alloc.o(.text)
    _init_alloc                              0x000003e9   Thumb Code    94  init_alloc.o(.text)
    __Heap_Initialize                        0x00000447   Thumb Code    10  h1_init.o(.text)
    __Heap_DescSize                          0x00000451   Thumb Code     4  h1_init.o(.text)
    free                                     0x00000455   Thumb Code    78  h1_free.o(.text)
    __default_new_handler()                  0x000004a3   Thumb Code     4  arm_newhandler_noexceptions.o(.text)
    __user_setup_stackheap                   0x000004a7   Thumb Code    74  sys_stackheap_outer.o(.text)
    __Heap_ProvideMemory                     0x000004f1   Thumb Code    52  h1_extend.o(.text)
    exit                                     0x00000525   Thumb Code    18  exit.o(.text)
    __rt_SIGRTMEM                            0x00000537   Thumb Code    14  defsig_rtmem_outer.o(.text)
    std::terminate()                         0x00000545   Thumb Code    26  arm_exceptions_terminate.o(.text)
    __I$use$semihosting                      0x0000055f   Thumb Code     0  use_no_semi.o(.text)
    __use_no_semihosting_swi                 0x0000055f   Thumb Code     2  use_no_semi.o(.text)
    __semihosting_library_function           0x00000561   Thumb Code     0  indicate_semi.o(.text)
    abort                                    0x00000561   Thumb Code    22  abort.o(.text)
    __sig_exit                               0x00000577   Thumb Code    10  defsig_exit.o(.text)
    __rt_SIGRTMEM_inner                      0x00000581   Thumb Code    22  defsig_rtmem_inner.o(.text)
    __cxa_get_globals                        0x000005d7   Thumb Code    62  arm_exceptions_globs.o(.text)
    _sys_exit                                0x00000621   Thumb Code     8  sys_exit.o(.text)
    __rt_eh_globals_addr                     0x0000062d   Thumb Code     8  rt_eh_globals_addr_intlibspace.o(.text)
    __default_signal_display                 0x00000635   Thumb Code    50  defsig_general.o(.text)
    __rt_SIGABRT                             0x00000667   Thumb Code    14  defsig_abrt_outer.o(.text)
    __ARM_exceptions_buffer_init             0x00000675   Thumb Code    18  arm_exceptions_mem.o(.text)
    __ARM_exceptions_buffer_allocate         0x00000687   Thumb Code    22  arm_exceptions_mem.o(.text)
    __ARM_exceptions_buffer_free             0x0000069d   Thumb Code    20  arm_exceptions_mem.o(.text)
    _ttywrch                                 0x000006b1   Thumb Code    14  sys_wrch.o(.text)
    __rt_SIGABRT_inner                       0x000006c1   Thumb Code    14  defsig_abrt_inner.o(.text)
    EINT3_IRQHandler                         0x000006f1   Thumb Code    26  gpio.o(i.EINT3_IRQHandler)
    RTC_IRQHandler                           0x00000715   Thumb Code     2  rtctimer.o(i.RTC_IRQHandler)
    SysTick_Handler                          0x00000719   Thumb Code    10  systick.o(i.SysTick_Handler)
    SystemInit                               0x00000729   Thumb Code   526  system_lpc17xx.o(i.SystemInit)
    TIMER0_IRQHandler                        0x00000955   Thumb Code    10  timer.o(i.TIMER0_IRQHandler)
    UART2_IRQHandler                         0x00000965   Thumb Code    12  uart.o(i.UART2_IRQHandler)
    WDT_IRQHandler                           0x00000975   Thumb Code     2  watchdog.o(i.WDT_IRQHandler)
    TimerTest()                              0x00000979   Thumb Code    66  main.o(i._Z9TimerTestv)
    SystemTick::InterruptHandler()           0x00000a0d   Thumb Code     8  systick.o(i._ZN10SystemTick16InterruptHandlerEv)
    Fifo::Init(int)                          0x00000a15   Thumb Code    26  fifo.o(i._ZN4Fifo4InitEi)
    Fifo::Dequeue()                          0x00000a2f   Thumb Code    44  fifo.o(i._ZN4Fifo7DequeueEv)
    Fifo::Enqueue(char)                      0x00000a5b   Thumb Code    48  fifo.o(i._ZN4Fifo7EnqueueEc)
    Fifo::Fifo()                             0x00000a8b   Thumb Code    12  fifo.o(i._ZN4FifoC1Ev)
    Fifo::Fifo__sub_object()                 0x00000a8b   Thumb Code     0  fifo.o(i._ZN4FifoC1Ev)
    Fifo::~Fifo()                            0x00000a97   Thumb Code    14  fifo.o(i._ZN4FifoD1Ev)
    Fifo::~Fifo__sub_object()                0x00000a97   Thumb Code     0  fifo.o(i._ZN4FifoD1Ev)
    GPIO::GPIO()                             0x00000aa5   Thumb Code    30  gpio.o(i._ZN4GPIOC1Ev)
    GPIO::GPIO__sub_object()                 0x00000aa5   Thumb Code     0  gpio.o(i._ZN4GPIOC1Ev)
    UART::SetBaudRate(char, int)             0x00000ac9   Thumb Code   354  uart.o(i._ZN4UART11SetBaudRateEci)
    UART::InitInterrupt(int, DataLength, StopBit, Parity, int) 0x00000c35   Thumb Code    66  uart.o(i._ZN4UART13InitInterruptEi10DataLength7StopBit6Parityi)
    UART::InterruptHandler(char)             0x00000c7d   Thumb Code    54  uart.o(i._ZN4UART16InterruptHandlerEc)
    UART::Init(int, DataLength, StopBit, Parity, int) 0x00000cb9   Thumb Code   120  uart.o(i._ZN4UART4InitEi10DataLength7StopBit6Parityi)
    UART::Send2(char, char*)                 0x00000d39   Thumb Code    36  uart.o(i._ZN4UART5Send2EcPc)
    UART::Send2(char, unsigned char)         0x00000d5d   Thumb Code    40  uart.o(i._ZN4UART5Send2Ech)
    UART::Connect(int)                       0x00000d89   Thumb Code    28  uart.o(i._ZN4UART7ConnectEi)
    UART::~UART()                            0x00000da9   Thumb Code    26  main.o(i._ZN4UARTD1Ev)
    UART::~UART__sub_object()                0x00000da9   Thumb Code     0  main.o(i._ZN4UARTD1Ev)
    Timer::SetInterval(char, unsigned)       0x00000dc3   Thumb Code    40  timer.o(i._ZN5Timer11SetIntervalEcj)
    Timer::InterruptHandler()                0x00000deb   Thumb Code    26  timer.o(i._ZN5Timer16InterruptHandlerEv)
    Timer::Init()                            0x00000e05   Thumb Code    48  timer.o(i._ZN5Timer4InitEv)
    Timer::Reset(char)                       0x00000e39   Thumb Code    40  timer.o(i._ZN5Timer5ResetEc)
    Timer::Enable()                          0x00000e61   Thumb Code    18  timer.o(i._ZN5Timer6EnableEv)
    Timer::Disable()                         0x00000e73   Thumb Code    18  timer.o(i._ZN5Timer7DisableEv)
    Utility::DelayMicroSecond(unsigned)      0x00000e85   Thumb Code    66  utility.o(i._ZN7Utility16DelayMicroSecondEj)
    WatchDog::Feed()                         0x00000ed1   Thumb Code    12  watchdog.o(i._ZN8WatchDog4FeedEv)
    WatchDog::Init()                         0x00000edd   Thumb Code    28  watchdog.o(i._ZN8WatchDog4InitEv)
    BlinkLED2::InterruptHandler()            0x00000efd   Thumb Code    48  myblinkled2.o(i._ZN9BlinkLED216InterruptHandlerEv)
    operator delete[] (void*)                0x00000f31   Thumb Code     8  array_del.o(i._ZdaPv)
    operator delete (void*)                  0x00000f39   Thumb Code     8  delete.o(i._ZdlPv)
    operator new[] (unsigned)                0x00000f41   Thumb Code     8  array_new.o(i._Znaj)
    operator new(unsigned)                   0x00000f49   Thumb Code    34  new.o(i._Znwj)
    main                                     0x00000fbd   Thumb Code    14  main.o(i.main)
    Region$$Table$$Base                      0x00000fd0   Number         0  anon$$obj.o(Region$$Table)
    Region$$Table$$Limit                     0x00001000   Number         0  anon$$obj.o(Region$$Table)
    SHT$$INIT_ARRAY$$Base                    0x00001000   Number         0  main.o(.init_array)
    SHT$$INIT_ARRAY$$Limit                   0x00001004   Number         0  init_aeabi.o(.init_array)
    SystemFrequency                          0x2007c000   Data           4  system_lpc17xx.o(.data)
    hw                                       0x2007c004   Data           1  main.o(.data)
    watchdog                                 0x2007c005   Data           1  main.o(.data)
    systick                                  0x2007c008   Data           8  main.o(.data)
    rtc                                      0x2007c010   Data           1  main.o(.data)
    timer                                    0x2007c011   Data           1  main.o(.data)
    leds                                     0x2007c014   Data          20  main.o(.bss)
    leds2                                    0x2007c028   Data          24  main.o(.bss)
    uart                                     0x2007c040   Data          40  main.o(.bss)
    __libspace_start                         0x2007c068   Data          96  libspace.o(.bss)
    __temporary_stack_top$libspace           0x2007c0c8   Data           0  libspace.o(.bss)



==============================================================================

Memory Map of the image

  Image Entry point : 0x000000cd

  Load Region LR_IROM1 (Base: 0x00000000, Size: 0x00001018, Max: 0x00080000, ABSOLUTE)

    Execution Region ER_IROM1 (Exec base: 0x00000000, Load base: 0x00000000, Size: 0x00001004, Max: 0x00080000, ABSOLUTE)

    Exec Addr    Load Addr    Size         Type   Attr      Idx    E Section Name        Object

    0x00000000   0x00000000   0x000000cc   Data   RO           33    RESET               startup_lpc17xx.o
    0x000000cc   0x000000cc   0x00000008   Code   RO          625  * !!!main             c_w.l(__main.o)
    0x000000d4   0x000000d4   0x00000034   Code   RO         1126    !!!scatter          c_w.l(__scatter.o)
    0x00000108   0x00000108   0x0000001a   Code   RO         1128    !!handler_copy      c_w.l(__scatter_copy.o)
    0x00000122   0x00000122   0x00000002   PAD
    0x00000124   0x00000124   0x0000001c   Code   RO         1130    !!handler_zi        c_w.l(__scatter_zi.o)
    0x00000140   0x00000140   0x00000002   Code   RO         1018    .ARM.Collect$$libinit$$00000000  c_w.l(libinit.o)
    0x00000142   0x00000142   0x00000000   Code   RO          710    .ARM.Collect$$libinit$$00000002  c_w.l(libinit2.o)
    0x00000142   0x00000142   0x00000000   Code   RO          712    .ARM.Collect$$libinit$$00000004  c_w.l(libinit2.o)
    0x00000142   0x00000142   0x00000008   Code   RO          713    .ARM.Collect$$libinit$$00000005  c_w.l(libinit2.o)
    0x0000014a   0x0000014a   0x00000000   Code   RO          715    .ARM.Collect$$libinit$$0000000A  c_w.l(libinit2.o)
    0x0000014a   0x0000014a   0x00000000   Code   RO          717    .ARM.Collect$$libinit$$0000000C  c_w.l(libinit2.o)
    0x0000014a   0x0000014a   0x00000000   Code   RO          719    .ARM.Collect$$libinit$$0000000E  c_w.l(libinit2.o)
    0x0000014a   0x0000014a   0x00000000   Code   RO          722    .ARM.Collect$$libinit$$00000011  c_w.l(libinit2.o)
    0x0000014a   0x0000014a   0x00000000   Code   RO          724    .ARM.Collect$$libinit$$00000013  c_w.l(libinit2.o)
    0x0000014a   0x0000014a   0x00000000   Code   RO          726    .ARM.Collect$$libinit$$00000015  c_w.l(libinit2.o)
    0x0000014a   0x0000014a   0x00000000   Code   RO          728    .ARM.Collect$$libinit$$00000017  c_w.l(libinit2.o)
    0x0000014a   0x0000014a   0x00000000   Code   RO          730    .ARM.Collect$$libinit$$00000019  c_w.l(libinit2.o)
    0x0000014a   0x0000014a   0x00000000   Code   RO          732    .ARM.Collect$$libinit$$0000001B  c_w.l(libinit2.o)
    0x0000014a   0x0000014a   0x00000000   Code   RO          734    .ARM.Collect$$libinit$$0000001D  c_w.l(libinit2.o)
    0x0000014a   0x0000014a   0x00000000   Code   RO          736    .ARM.Collect$$libinit$$0000001F  c_w.l(libinit2.o)
    0x0000014a   0x0000014a   0x00000000   Code   RO          738    .ARM.Collect$$libinit$$00000021  c_w.l(libinit2.o)
    0x0000014a   0x0000014a   0x00000000   Code   RO          740    .ARM.Collect$$libinit$$00000023  c_w.l(libinit2.o)
    0x0000014a   0x0000014a   0x00000000   Code   RO          742    .ARM.Collect$$libinit$$00000025  c_w.l(libinit2.o)
    0x0000014a   0x0000014a   0x00000000   Code   RO          746    .ARM.Collect$$libinit$$0000002C  c_w.l(libinit2.o)
    0x0000014a   0x0000014a   0x00000000   Code   RO          748    .ARM.Collect$$libinit$$0000002E  c_w.l(libinit2.o)
    0x0000014a   0x0000014a   0x00000000   Code   RO          750    .ARM.Collect$$libinit$$00000030  c_w.l(libinit2.o)
    0x0000014a   0x0000014a   0x00000004   Code   RO          751    .ARM.Collect$$libinit$$00000031  c_w.l(libinit2.o)
    0x0000014e   0x0000014e   0x00000000   Code   RO          752    .ARM.Collect$$libinit$$00000032  c_w.l(libinit2.o)
    0x0000014e   0x0000014e   0x00000002   Code   RO          753    .ARM.Collect$$libinit$$00000033  c_w.l(libinit2.o)
    0x00000150   0x00000150   0x00000002   Code   RO         1111    .ARM.Collect$$libshutdown$$00000000  c_w.l(libshutdown.o)
    0x00000152   0x00000152   0x00000006   Code   RO          841    .ARM.Collect$$libshutdown$$00000001  c_w.l(libshutdown2.o)
    0x00000158   0x00000158   0x00000000   Code   RO          842    .ARM.Collect$$libshutdown$$00000002  c_w.l(libshutdown2.o)
    0x00000158   0x00000158   0x00000000   Code   RO          844    .ARM.Collect$$libshutdown$$00000004  c_w.l(libshutdown2.o)
    0x00000158   0x00000158   0x00000000   Code   RO          847    .ARM.Collect$$libshutdown$$00000007  c_w.l(libshutdown2.o)
    0x00000158   0x00000158   0x00000000   Code   RO          850    .ARM.Collect$$libshutdown$$0000000A  c_w.l(libshutdown2.o)
    0x00000158   0x00000158   0x00000000   Code   RO          852    .ARM.Collect$$libshutdown$$0000000C  c_w.l(libshutdown2.o)
    0x00000158   0x00000158   0x00000000   Code   RO          855    .ARM.Collect$$libshutdown$$0000000F  c_w.l(libshutdown2.o)
    0x00000158   0x00000158   0x00000002   Code   RO          856    .ARM.Collect$$libshutdown$$00000010  c_w.l(libshutdown2.o)
    0x0000015a   0x0000015a   0x00000000   Code   RO          640    .ARM.Collect$$rtentry$$00000000  c_w.l(__rtentry.o)
    0x0000015a   0x0000015a   0x00000000   Code   RO          783    .ARM.Collect$$rtentry$$00000002  c_w.l(__rtentry2.o)
    0x0000015a   0x0000015a   0x00000006   Code   RO          795    .ARM.Collect$$rtentry$$00000004  c_w.l(__rtentry4.o)
    0x00000160   0x00000160   0x00000000   Code   RO          785    .ARM.Collect$$rtentry$$00000009  c_w.l(__rtentry2.o)
    0x00000160   0x00000160   0x00000004   Code   RO          786    .ARM.Collect$$rtentry$$0000000A  c_w.l(__rtentry2.o)
    0x00000164   0x00000164   0x00000000   Code   RO          788    .ARM.Collect$$rtentry$$0000000C  c_w.l(__rtentry2.o)
    0x00000164   0x00000164   0x00000008   Code   RO          789    .ARM.Collect$$rtentry$$0000000D  c_w.l(__rtentry2.o)
    0x0000016c   0x0000016c   0x00000002   Code   RO         1048    .ARM.Collect$$rtexit$$00000000  c_w.l(rtexit.o)
    0x0000016e   0x0000016e   0x00000000   Code   RO         1077    .ARM.Collect$$rtexit$$00000002  c_w.l(rtexit2.o)
    0x0000016e   0x0000016e   0x00000004   Code   RO         1078    .ARM.Collect$$rtexit$$00000003  c_w.l(rtexit2.o)
    0x00000172   0x00000172   0x00000006   Code   RO         1079    .ARM.Collect$$rtexit$$00000004  c_w.l(rtexit2.o)
    0x00000178   0x00000178   0x00000000   Code   RO          990    .emb_text           c_w.l(maybetermalloc1.o)
    0x00000178   0x00000178   0x00000038   Code   RO           34    .text               startup_lpc17xx.o
    0x000001b0   0x000001b0   0x000000ee   Code   RO          615    .text               c_w.l(lludivv7m.o)
    0x0000029e   0x0000029e   0x0000002e   Code   RO          620    .text               c_w.l(aeabi_atexit.o)
    0x000002cc   0x000002cc   0x00000006   Code   RO          623    .text               c_w.l(heapauxi.o)
    0x000002d2   0x000002d2   0x00000002   PAD
    0x000002d4   0x000002d4   0x00000024   Code   RO          630    .text               c_w.l(init_aeabi.o)
    0x000002f8   0x000002f8   0x00000008   Code   RO          648    .text               c_w.l(rt_ddtor_pointer_addr_intlibspace.o)
    0x00000300   0x00000300   0x0000005e   Code   RO          652    .text               c_w.l(h1_alloc.o)
    0x0000035e   0x0000035e   0x00000042   Code   RO          706    .text               c_w.l(cxa_finalize.o)
    0x000003a0   0x000003a0   0x00000008   Code   RO          777    .text               c_w.l(libspace.o)
    0x000003a8   0x000003a8   0x00000008   Code   RO          802    .text               c_w.l(rt_heap_descriptor_intlibspace.o)
    0x000003b0   0x000003b0   0x00000008   Code   RO          807    .text               c_w.l(rt_new_handler_addr_intlibspace.o)
    0x000003b8   0x000003b8   0x00000004   Code   RO          809    .text               c_w.l(hguard.o)
    0x000003bc   0x000003bc   0x0000008a   Code   RO          811    .text               c_w.l(init_alloc.o)
    0x00000446   0x00000446   0x0000000e   Code   RO          817    .text               c_w.l(h1_init.o)
    0x00000454   0x00000454   0x0000004e   Code   RO          819    .text               c_w.l(h1_free.o)
    0x000004a2   0x000004a2   0x00000004   Code   RO          857    .text               cpprt_w.l(arm_newhandler_noexceptions.o)
    0x000004a6   0x000004a6   0x0000004a   Code   RO          986    .text               c_w.l(sys_stackheap_outer.o)
    0x000004f0   0x000004f0   0x00000034   Code   RO          992    .text               c_w.l(h1_extend.o)
    0x00000524   0x00000524   0x00000012   Code   RO          996    .text               c_w.l(exit.o)
    0x00000536   0x00000536   0x0000000e   Code   RO         1002    .text               c_w.l(defsig_rtmem_outer.o)
    0x00000544   0x00000544   0x0000001a   Code   RO         1032    .text               cpprt_w.l(arm_exceptions_terminate.o)
    0x0000055e   0x0000055e   0x00000002   Code   RO         1045    .text               c_w.l(use_no_semi.o)
    0x00000560   0x00000560   0x00000000   Code   RO         1047    .text               c_w.l(indicate_semi.o)
    0x00000560   0x00000560   0x00000016   Code   RO         1054    .text               c_w.l(abort.o)
    0x00000576   0x00000576   0x0000000a   Code   RO         1058    .text               c_w.l(defsig_exit.o)
    0x00000580   0x00000580   0x00000050   Code   RO         1062    .text               c_w.l(defsig_rtmem_inner.o)
    0x000005d0   0x000005d0   0x00000050   Code   RO         1071    .text               cpprt_w.l(arm_exceptions_globs.o)
    0x00000620   0x00000620   0x0000000c   Code   RO         1074    .text               c_w.l(sys_exit.o)
    0x0000062c   0x0000062c   0x00000008   Code   RO         1086    .text               c_w.l(rt_eh_globals_addr_intlibspace.o)
    0x00000634   0x00000634   0x00000032   Code   RO         1094    .text               c_w.l(defsig_general.o)
    0x00000666   0x00000666   0x0000000e   Code   RO         1096    .text               c_w.l(defsig_abrt_outer.o)
    0x00000674   0x00000674   0x0000003c   Code   RO         1100    .text               cpprt_w.l(arm_exceptions_mem.o)
    0x000006b0   0x000006b0   0x0000000e   Code   RO         1103    .text               c_w.l(sys_wrch.o)
    0x000006be   0x000006be   0x00000002   PAD
    0x000006c0   0x000006c0   0x00000030   Code   RO         1105    .text               c_w.l(defsig_abrt_inner.o)
    0x000006f0   0x000006f0   0x00000024   Code   RO          144    i.EINT3_IRQHandler  gpio.o
    0x00000714   0x00000714   0x00000002   Code   RO          397    i.RTC_IRQHandler    rtctimer.o
    0x00000716   0x00000716   0x00000002   PAD
    0x00000718   0x00000718   0x00000010   Code   RO          371    i.SysTick_Handler   systick.o
    0x00000728   0x00000728   0x0000022c   Code   RO            1    i.SystemInit        system_lpc17xx.o
    0x00000954   0x00000954   0x00000010   Code   RO          453    i.TIMER0_IRQHandler  timer.o
    0x00000964   0x00000964   0x00000010   Code   RO          209    i.UART2_IRQHandler  uart.o
    0x00000974   0x00000974   0x00000002   Code   RO          337    i.WDT_IRQHandler    watchdog.o
    0x00000976   0x00000976   0x00000002   PAD
    0x00000978   0x00000978   0x00000094   Code   RO           43    i._Z9TimerTestv     main.o
    0x00000a0c   0x00000a0c   0x00000008   Code   RO          372    i._ZN10SystemTick16InterruptHandlerEv  systick.o
    0x00000a14   0x00000a14   0x0000001a   Code   RO          301    i._ZN4Fifo4InitEi   fifo.o
    0x00000a2e   0x00000a2e   0x0000002c   Code   RO          302    i._ZN4Fifo7DequeueEv  fifo.o
    0x00000a5a   0x00000a5a   0x00000030   Code   RO          303    i._ZN4Fifo7EnqueueEc  fifo.o
    0x00000a8a   0x00000a8a   0x0000000c   Code   RO          304    i._ZN4FifoC1Ev      fifo.o
    0x00000a96   0x00000a96   0x0000000e   Code   RO          305    i._ZN4FifoD1Ev      fifo.o
    0x00000aa4   0x00000aa4   0x00000024   Code   RO          152    i._ZN4GPIOC1Ev      gpio.o
    0x00000ac8   0x00000ac8   0x0000016c   Code   RO          210    i._ZN4UART11SetBaudRateEci  uart.o
    0x00000c34   0x00000c34   0x00000048   Code   RO          212    i._ZN4UART13InitInterruptEi10DataLength7StopBit6Parityi  uart.o
    0x00000c7c   0x00000c7c   0x0000003c   Code   RO          214    i._ZN4UART16InterruptHandlerEc  uart.o
    0x00000cb8   0x00000cb8   0x00000080   Code   RO          217    i._ZN4UART4InitEi10DataLength7StopBit6Parityi  uart.o
    0x00000d38   0x00000d38   0x00000024   Code   RO          220    i._ZN4UART5Send2EcPc  uart.o
    0x00000d5c   0x00000d5c   0x0000002c   Code   RO          221    i._ZN4UART5Send2Ech  uart.o
    0x00000d88   0x00000d88   0x00000020   Code   RO          222    i._ZN4UART7ConnectEi  uart.o
    0x00000da8   0x00000da8   0x0000001a   Code   RO           92    i._ZN4UARTD1Ev      main.o
    0x00000dc2   0x00000dc2   0x00000028   Code   RO          454    i._ZN5Timer11SetIntervalEcj  timer.o
    0x00000dea   0x00000dea   0x0000001a   Code   RO          455    i._ZN5Timer16InterruptHandlerEv  timer.o
    0x00000e04   0x00000e04   0x00000034   Code   RO          456    i._ZN5Timer4InitEv  timer.o
    0x00000e38   0x00000e38   0x00000028   Code   RO          457    i._ZN5Timer5ResetEc  timer.o
    0x00000e60   0x00000e60   0x00000012   Code   RO          458    i._ZN5Timer6EnableEv  timer.o
    0x00000e72   0x00000e72   0x00000012   Code   RO          459    i._ZN5Timer7DisableEv  timer.o
    0x00000e84   0x00000e84   0x0000004c   Code   RO          591    i._ZN7Utility16DelayMicroSecondEj  utility.o
    0x00000ed0   0x00000ed0   0x0000000c   Code   RO          339    i._ZN8WatchDog4FeedEv  watchdog.o
    0x00000edc   0x00000edc   0x00000020   Code   RO          340    i._ZN8WatchDog4InitEv  watchdog.o
    0x00000efc   0x00000efc   0x00000034   Code   RO          521    i._ZN9BlinkLED216InterruptHandlerEv  myblinkled2.o
    0x00000f30   0x00000f30   0x00000008   Code   RO          633    i._ZdaPv            cpprt_w.l(array_del.o)
    0x00000f38   0x00000f38   0x00000008   Code   RO          754    i._ZdlPv            cpprt_w.l(delete.o)
    0x00000f40   0x00000f40   0x00000008   Code   RO          636    i._Znaj             cpprt_w.l(array_new.o)
    0x00000f48   0x00000f48   0x00000028   Code   RO          757    i._Znwj             cpprt_w.l(new.o)
    0x00000f70   0x00000f70   0x0000004c   Code   RO           44    i.__sti___8_main_cpp_leds  main.o
    0x00000fbc   0x00000fbc   0x00000014   Code   RO           45    i.main              main.o
    0x00000fd0   0x00000fd0   0x00000030   Data   RO         1124    Region$$Table       anon$$obj.o
    0x00001000   0x00001000   0x00000004   Data   RO           55    .init_array         main.o
    0x00001004   0x00001000   0x00000000   Data   RO          628    .init_array         c_w.l(init_aeabi.o)


    Execution Region RW_IRAM1 (Exec base: 0x10000000, Load base: 0x00001004, Size: 0x00008000, Max: 0x00008000, ABSOLUTE)

    Exec Addr    Load Addr    Size         Type   Attr      Idx    E Section Name        Object

    0x10000000        -       0x00008000   Zero   RW           32    HEAP                startup_lpc17xx.o


    Execution Region RW_IRAM2 (Exec base: 0x2007c000, Load base: 0x00001004, Size: 0x000040c8, Max: 0x00008000, ABSOLUTE)

    Exec Addr    Load Addr    Size         Type   Attr      Idx    E Section Name        Object

    0x2007c000   0x00001004   0x00000004   Data   RW            2    .data               system_lpc17xx.o
    0x2007c004   0x00001008   0x0000000e   Data   RW           54    .data               main.o
    0x2007c012   0x00001016   0x00000002   PAD
    0x2007c014        -       0x00000054   Zero   RW           53    .bss                main.o
    0x2007c068        -       0x00000060   Zero   RW          778    .bss                c_w.l(libspace.o)
    0x2007c0c8        -       0x00004000   Zero   RW           31    STACK               startup_lpc17xx.o


==============================================================================

Image component sizes


      Code (inc. data)   RO Data    RW Data    ZI Data      Debug   Object Name

       144          0          0          0          0       2296   fifo.o
        72         16          0          0          0       5283   gpio.o
       270        110          4         14         84      27095   main.o
        52          4          0          0          0        400   myblinkled2.o
         2          0          0          0          0        377   rtctimer.o
        56         22        204          0      49152        800   startup_lpc17xx.o
       556         30          0          4          0       5315   system_lpc17xx.o
        24          6          0          0          0        778   systick.o
       210         10          0          0          0       2980   timer.o
       752         42          0          0          0       5055   uart.o
        76         10          0          0          0        456   utility.o
        46          4          0          0          0       1497   watchdog.o

    ----------------------------------------------------------------------
      2264        254        256         20      49236      52332   Object Totals
         0          0         48          0          0          0   (incl. Generated)
         4          0          0          2          0          0   (incl. Padding)

    ----------------------------------------------------------------------

      Code (inc. data)   RO Data    RW Data    ZI Data      Debug   Library Member Name

         8          0          0          0          0         68   __main.o
         0          0          0          0          0          0   __rtentry.o
        12          0          0          0          0          0   __rtentry2.o
         6          0          0          0          0          0   __rtentry4.o
        52          8          0          0          0          0   __scatter.o
        26          0          0          0          0          0   __scatter_copy.o
        28          0          0          0          0          0   __scatter_zi.o
        22          0          0          0          0         80   abort.o
        46          0          0          0          0         84   aeabi_atexit.o
        66          0          0          0          0         84   cxa_finalize.o
        48         34          0          0          0         76   defsig_abrt_inner.o
        14          0          0          0          0         80   defsig_abrt_outer.o
        10          0          0          0          0         68   defsig_exit.o
        50          0          0          0          0         88   defsig_general.o
        80         58          0          0          0         76   defsig_rtmem_inner.o
        14          0          0          0          0         80   defsig_rtmem_outer.o
        18          0          0          0          0         80   exit.o
        94          0          0          0          0         80   h1_alloc.o
        52          0          0          0          0         68   h1_extend.o
        78          0          0          0          0         80   h1_free.o
        14          0          0          0          0         84   h1_init.o
         6          0          0          0          0        152   heapauxi.o
         4          0          0          0          0        136   hguard.o
         0          0          0          0          0          0   indicate_semi.o
        36         10          0          0          0         80   init_aeabi.o
       138          0          0          0          0        168   init_alloc.o
         2          0          0          0          0          0   libinit.o
        14          0          0          0          0          0   libinit2.o
         2          0          0          0          0          0   libshutdown.o
         8          0          0          0          0          0   libshutdown2.o
         8          4          0          0         96         68   libspace.o
       238          0          0          0          0        100   lludivv7m.o
         0          0          0          0          0          0   maybetermalloc1.o
         8          4          0          0          0         68   rt_ddtor_pointer_addr_intlibspace.o
         8          4          0          0          0         68   rt_eh_globals_addr_intlibspace.o
         8          4          0          0          0         68   rt_heap_descriptor_intlibspace.o
         8          4          0          0          0         68   rt_new_handler_addr_intlibspace.o
         2          0          0          0          0          0   rtexit.o
        10          0          0          0          0          0   rtexit2.o
        12          4          0          0          0         68   sys_exit.o
        74          0          0          0          0         80   sys_stackheap_outer.o
        14          0          0          0          0         76   sys_wrch.o
         2          0          0          0          0         68   use_no_semi.o
        80         12          0          0          0        104   arm_exceptions_globs.o
        60          0          0          0          0        108   arm_exceptions_mem.o
        26          0          0          0          0         76   arm_exceptions_terminate.o
         4          0          0          0          0         68   arm_newhandler_noexceptions.o
         8          0          0          0          0         76   array_del.o
         8          0          0          0          0         76   array_new.o
         8          0          0          0          0         76   delete.o
        40          6          0          0          0         76   new.o

    ----------------------------------------------------------------------
      1580        152          0          0         96       3104   Library Totals
         6          0          0          0          0          0   (incl. Padding)

    ----------------------------------------------------------------------

      Code (inc. data)   RO Data    RW Data    ZI Data      Debug   Library Name

      1340        134          0          0         96       2444   c_w.l
       234         18          0          0          0        660   cpprt_w.l

    ----------------------------------------------------------------------
      1580        152          0          0         96       3104   Library Totals

    ----------------------------------------------------------------------

==============================================================================


      Code (inc. data)   RO Data    RW Data    ZI Data      Debug   

      3844        406        256         20      49332      52052   Grand Totals
      3844        406        256         20      49332      52052   ELF Image Totals
      3844        406        256         20          0          0   ROM Totals

==============================================================================

    Total RO  Size (Code + RO Data)                 4100 (   4.00kB)
    Total RW  Size (RW Data + ZI Data)             49352 (  48.20kB)
    Total ROM Size (Code + RO Data + RW Data)       4120 (   4.02kB)

==============================================================================

