<html>
<body>
<pre>
<h1>µVision Build Log</h1>
<h2>Tool Versions:</h2>
IDE-Version: µVision V5.13.0.0
Copyright (C) 2014 ARM Ltd and ARM Germany GmbH. All rights reserved.
License Information: Ali Movasagh, Solaha, LIC=----
 
Tool Versions:
Toolchain:       MDK-Lite  Version: 5.13.0.0
Toolchain Path:  F:\Kail\ARM\ARMCC\Bin
C Compiler:      Armcc.exe V5.05 update 1 (build 106)
Assembler:       Armasm.exe V5.05 update 1 (build 106)
Linker/Locator:  ArmLink.exe V5.05 update 1 (build 106)
Library Manager: ArmAr.exe V5.05 update 1 (build 106)
Hex Converter:   FromElf.exe V5.05 update 1 (build 106)
CPU DLL:         SARMCM3.DLL V5.13.0.0
Dialog DLL:      DARMP1.DLL V1.25.0.0
Target DLL:      Segger\JL2CM3.dll V2.99.11.0
Dialog DLL:      TARMP1.DLL V1.24.0.0
 
<h2>Project:</h2>
F:\Programming\Microprocessor\Library.uvprojx
Project File Date:  04/20/2019

<h2>Output:</h2>
Rebuild target 'Target 1'
compiling system_LPC17xx.c...
assembling startup_LPC17xx.s...
compiling main.cpp...
compiling GPIO.cpp...
compiling UART.cpp...
compiling MyBlinkLED.cpp...
compiling MyBlinkLED2.cpp...
compiling HelloWorld.cpp...
compiling Utility.cpp...
linking...
Program Size: Code=1756 RO-data=256 RW-data=4 ZI-data=49292  
FromELF: creating hex file...
After Build - User command #2: fromelf.exe --bin --output ./library.bin ./obj/library.axf
".\Obj\Library.axf" - 0 Error(s), 0 Warning(s).

<h2>Collection of Component include folders:</h2>
  F:\Programming\Microprocessor\RTE
  F:\Kail\ARM\PACK\Keil\LPC1700_DFP\2.5.0

<h2>Collection of Component Files used:</h2>
</pre>
</body>
</html>
