<html>
<body>
<pre>
<h1>µVision Build Log</h1>
<h2>Tool Versions:</h2>
IDE-Version: µVision V5.27.1.0
Copyright (C) 2019 ARM Ltd and ARM Germany GmbH. All rights reserved.
License Information: m m, m, LIC=LSNRA-1B0NH-GJ16P-MWY95-0WQZ3-XE2MY
 
Tool Versions:
Toolchain:       MDK-ARM Plus  Version: 5.27.1.0
Toolchain Path:  C:\Keil_v5\ARM\ARMCC\Bin
C Compiler:      Armcc.exe V5.06 update 6 (build 750)
Assembler:       Armasm.exe V5.06 update 6 (build 750)
Linker/Locator:  ArmLink.exe V5.06 update 6 (build 750)
Library Manager: ArmAr.exe V5.06 update 6 (build 750)
Hex Converter:   FromElf.exe V5.06 update 6 (build 750)
CPU DLL:         SARMCM3.DLL V5.27.1.0
Dialog DLL:      DARMP1.DLL V1.27.0.0
Target DLL:      Segger\JL2CM3.dll V2.99.35.0
Dialog DLL:      TARMP1.DLL V1.26.0.0
 
<h2>Project:</h2>
C:\Users\milad\Desktop\ARM Keil C++ 1768\Library.uvprojx
Project File Date:  04/18/2019

<h2>Output:</h2>
*** Using Compiler 'V5.06 update 6 (build 750)', folder: 'C:\Keil_v5\ARM\ARMCC\Bin'
Build target 'Target 1'
compiling HelloWorld.cpp...
HelloWorld.h(11): warning:  #1-D: last line of file ends without a newline
  };
UART.h(39): warning:  #1-D: last line of file ends without a newline
  #endif
Utility.h(10): warning:  #1-D: last line of file ends without a newline
  #endif
HelloWorld.cpp(44): warning:  #177-D: variable "d"  was declared but never referenced
  	bool d = true;
HelloWorld.cpp(60): warning:  #1-D: last line of file ends without a newline
  }
HelloWorld.cpp: 5 warnings, 0 errors
linking...
Program Size: Code=2076 RO-data=256 RW-data=8 ZI-data=49296  
FromELF: creating hex file...
After Build - User command #2: fromelf.exe --bin --output ./library.bin ./obj/library.axf
".\Obj\Library.axf" - 0 Error(s), 5 Warning(s).

<h2>Software Packages used:</h2>

Package Vendor: Keil
                http://www.keil.com/pack/Keil.LPC1700_DFP.2.5.0.pack
                Keil.LPC1700_DFP.2.5.0
                NXP LPC1700 Series Device Support, Drivers and Examples for MCB1700 and LPC1788-32

<h2>Collection of Component include folders:</h2>
  .\RTE\_Target_1
  C:\Keil_v5\ARM\PACK\Keil\LPC1700_DFP\2.5.0\Device\Include

<h2>Collection of Component Files used:</h2>
Build Time Elapsed:  00:00:01
</pre>
</body>
</html>
